Archive member included to satisfy reference by file (symbol)

/usr/share/MRS2/MRS-linux-x64/resources/app/resources/linux/components/WCH/Toolchain/RISC-V Embedded GCC/bin/../lib/gcc/riscv-none-embed/8.2.0/rv32imacxw/ilp32/libgcc.a(save-restore.o)
                              ./User/usbd_compostie_km.o (__riscv_save_11)
/usr/share/MRS2/MRS-linux-x64/resources/app/resources/linux/components/WCH/Toolchain/RISC-V Embedded GCC/bin/../lib/gcc/riscv-none-embed/8.2.0/../../../../riscv-none-embed/lib/rv32imacxw/ilp32/libg_nano.a(lib_a-memcpy.o)
                              ./User/usbd_compostie_km.o (memcpy)
/usr/share/MRS2/MRS-linux-x64/resources/app/resources/linux/components/WCH/Toolchain/RISC-V Embedded GCC/bin/../lib/gcc/riscv-none-embed/8.2.0/../../../../riscv-none-embed/lib/rv32imacxw/ilp32/libg_nano.a(lib_a-printf.o)
                              ./User/Main.o (printf)
/usr/share/MRS2/MRS-linux-x64/resources/app/resources/linux/components/WCH/Toolchain/RISC-V Embedded GCC/bin/../lib/gcc/riscv-none-embed/8.2.0/../../../../riscv-none-embed/lib/rv32imacxw/ilp32/libg_nano.a(lib_a-puts.o)
                              ./User/USBLIB/CONFIG/hw_config.o (puts)
/usr/share/MRS2/MRS-linux-x64/resources/app/resources/linux/components/WCH/Toolchain/RISC-V Embedded GCC/bin/../lib/gcc/riscv-none-embed/8.2.0/../../../../riscv-none-embed/lib/rv32imacxw/ilp32/libg_nano.a(lib_a-wbuf.o)
                              /usr/share/MRS2/MRS-linux-x64/resources/app/resources/linux/components/WCH/Toolchain/RISC-V Embedded GCC/bin/../lib/gcc/riscv-none-embed/8.2.0/../../../../riscv-none-embed/lib/rv32imacxw/ilp32/libg_nano.a(lib_a-puts.o) (__swbuf_r)
/usr/share/MRS2/MRS-linux-x64/resources/app/resources/linux/components/WCH/Toolchain/RISC-V Embedded GCC/bin/../lib/gcc/riscv-none-embed/8.2.0/../../../../riscv-none-embed/lib/rv32imacxw/ilp32/libg_nano.a(lib_a-wsetup.o)
                              /usr/share/MRS2/MRS-linux-x64/resources/app/resources/linux/components/WCH/Toolchain/RISC-V Embedded GCC/bin/../lib/gcc/riscv-none-embed/8.2.0/../../../../riscv-none-embed/lib/rv32imacxw/ilp32/libg_nano.a(lib_a-puts.o) (__swsetup_r)
/usr/share/MRS2/MRS-linux-x64/resources/app/resources/linux/components/WCH/Toolchain/RISC-V Embedded GCC/bin/../lib/gcc/riscv-none-embed/8.2.0/../../../../riscv-none-embed/lib/rv32imacxw/ilp32/libg_nano.a(lib_a-fflush.o)
                              /usr/share/MRS2/MRS-linux-x64/resources/app/resources/linux/components/WCH/Toolchain/RISC-V Embedded GCC/bin/../lib/gcc/riscv-none-embed/8.2.0/../../../../riscv-none-embed/lib/rv32imacxw/ilp32/libg_nano.a(lib_a-wbuf.o) (_fflush_r)
/usr/share/MRS2/MRS-linux-x64/resources/app/resources/linux/components/WCH/Toolchain/RISC-V Embedded GCC/bin/../lib/gcc/riscv-none-embed/8.2.0/../../../../riscv-none-embed/lib/rv32imacxw/ilp32/libg_nano.a(lib_a-findfp.o)
                              /usr/share/MRS2/MRS-linux-x64/resources/app/resources/linux/components/WCH/Toolchain/RISC-V Embedded GCC/bin/../lib/gcc/riscv-none-embed/8.2.0/../../../../riscv-none-embed/lib/rv32imacxw/ilp32/libg_nano.a(lib_a-printf.o) (__sinit)
/usr/share/MRS2/MRS-linux-x64/resources/app/resources/linux/components/WCH/Toolchain/RISC-V Embedded GCC/bin/../lib/gcc/riscv-none-embed/8.2.0/../../../../riscv-none-embed/lib/rv32imacxw/ilp32/libg_nano.a(lib_a-fwalk.o)
                              /usr/share/MRS2/MRS-linux-x64/resources/app/resources/linux/components/WCH/Toolchain/RISC-V Embedded GCC/bin/../lib/gcc/riscv-none-embed/8.2.0/../../../../riscv-none-embed/lib/rv32imacxw/ilp32/libg_nano.a(lib_a-findfp.o) (_fwalk)
/usr/share/MRS2/MRS-linux-x64/resources/app/resources/linux/components/WCH/Toolchain/RISC-V Embedded GCC/bin/../lib/gcc/riscv-none-embed/8.2.0/../../../../riscv-none-embed/lib/rv32imacxw/ilp32/libg_nano.a(lib_a-impure.o)
                              /usr/share/MRS2/MRS-linux-x64/resources/app/resources/linux/components/WCH/Toolchain/RISC-V Embedded GCC/bin/../lib/gcc/riscv-none-embed/8.2.0/../../../../riscv-none-embed/lib/rv32imacxw/ilp32/libg_nano.a(lib_a-fflush.o) (_global_impure_ptr)
/usr/share/MRS2/MRS-linux-x64/resources/app/resources/linux/components/WCH/Toolchain/RISC-V Embedded GCC/bin/../lib/gcc/riscv-none-embed/8.2.0/../../../../riscv-none-embed/lib/rv32imacxw/ilp32/libg_nano.a(lib_a-makebuf.o)
                              /usr/share/MRS2/MRS-linux-x64/resources/app/resources/linux/components/WCH/Toolchain/RISC-V Embedded GCC/bin/../lib/gcc/riscv-none-embed/8.2.0/../../../../riscv-none-embed/lib/rv32imacxw/ilp32/libg_nano.a(lib_a-wsetup.o) (__smakebuf_r)
/usr/share/MRS2/MRS-linux-x64/resources/app/resources/linux/components/WCH/Toolchain/RISC-V Embedded GCC/bin/../lib/gcc/riscv-none-embed/8.2.0/../../../../riscv-none-embed/lib/rv32imacxw/ilp32/libg_nano.a(lib_a-memset.o)
[...]
Memory Configuration

Name             Origin             Length             Attributes
FLASH            0x0000000000000000 0x0000000000010000 xr
RAM              0x0000000020000000 0x0000000000005000 xrw
*default*        0x0000000000000000 0xffffffffffffffff

Linker script and memory map

LOAD ./User/USBLIB/USB-Driver/src/usb_core.o
LOAD ./User/USBLIB/USB-Driver/src/usb_init.o
LOAD ./User/USBLIB/USB-Driver/src/usb_int.o
LOAD ./User/USBLIB/USB-Driver/src/usb_mem.o
LOAD ./User/USBLIB/USB-Driver/src/usb_regs.o
LOAD ./User/USBLIB/USB-Driver/src/usb_sil.o
LOAD ./User/USBLIB/CONFIG/hw_config.o
LOAD ./User/USBLIB/CONFIG/usb_desc.o
LOAD ./User/USBLIB/CONFIG/usb_endp.o
LOAD ./User/USBLIB/CONFIG/usb_istr.o
LOAD ./User/USBLIB/CONFIG/usb_prop.o
LOAD ./User/USBLIB/CONFIG/usb_pwr.o
LOAD ./User/Main.o
LOAD ./User/ch32v20x_it.o
LOAD ./User/system_ch32v20x.o
LOAD ./User/usbd_compostie_km.o
LOAD ./Startup/startup_ch32v20x_D6.o
LOAD ./Peripheral/src/ch32v20x_adc.o
LOAD ./Peripheral/src/ch32v20x_bkp.o
LOAD ./Peripheral/src/ch32v20x_can.o
LOAD ./Peripheral/src/ch32v20x_crc.o
LOAD ./Peripheral/src/ch32v20x_dbgmcu.o
LOAD ./Peripheral/src/ch32v20x_dma.o
LOAD ./Peripheral/src/ch32v20x_exti.o
LOAD ./Peripheral/src/ch32v20x_flash.o
LOAD ./Peripheral/src/ch32v20x_gpio.o
LOAD ./Peripheral/src/ch32v20x_i2c.o
LOAD ./Peripheral/src/ch32v20x_iwdg.o
LOAD ./Peripheral/src/ch32v20x_misc.o
LOAD ./Peripheral/src/ch32v20x_opa.o
LOAD ./Peripheral/src/ch32v20x_pwr.o
LOAD ./Peripheral/src/ch32v20x_rcc.o
LOAD ./Peripheral/src/ch32v20x_rtc.o
LOAD ./Peripheral/src/ch32v20x_spi.o
LOAD ./Peripheral/src/ch32v20x_tim.o
LOAD ./Peripheral/src/ch32v20x_usart.o
LOAD ./Peripheral/src/ch32v20x_wwdg.o
LOAD ./Debug/debug.o
LOAD ./Core/core_riscv.o
LOAD /usr/share/MRS2/MRS-linux-x64/resources/app/resources/linux/components/WCH/Toolchain/RISC-V Embedded GCC/bin/../lib/gcc/riscv-none-embed/8.2.0/rv32imacxw/ilp32/libgcc.a
LOAD /usr/share/MRS2/MRS-linux-x64/resources/app/resources/linux/components/WCH/Toolchain/RISC-V Embedded GCC/bin/../lib/gcc/riscv-none-embed/8.2.0/../../../../riscv-none-embed/lib/rv32imacxw/ilp32/libg_nano.a
LOAD /usr/share/MRS2/MRS-linux-x64/resources/app/resources/linux/components/WCH/Toolchain/RISC-V Embedded GCC/bin/../lib/gcc/riscv-none-embed/8.2.0/../../../../riscv-none-embed/lib/rv32imacxw/ilp32/libc_nano.a
LOAD /usr/share/MRS2/MRS-linux-x64/resources/app/resources/linux/components/WCH/Toolchain/RISC-V Embedded GCC/bin/../lib/gcc/riscv-none-embed/8.2.0/rv32imacxw/ilp32/libgcc.a
START GROUP
LOAD /usr/share/MRS2/MRS-linux-x64/resources/app/resources/linux/components/WCH/Toolchain/RISC-V Embedded GCC/bin/../lib/gcc/riscv-none-embed/8.2.0/rv32imacxw/ilp32/libgcc.a
LOAD /usr/share/MRS2/MRS-linux-x64/resources/app/resources/linux/components/WCH/Toolchain/RISC-V Embedded GCC/bin/../lib/gcc/riscv-none-embed/8.2.0/../../../../riscv-none-embed/lib/rv32imacxw/ilp32/libc_nano.a
LOAD /usr/share/MRS2/MRS-linux-x64/resources/app/resources/linux/components/WCH/Toolchain/RISC-V Embedded GCC/bin/../lib/gcc/riscv-none-embed/8.2.0/../../../../riscv-none-embed/lib/rv32imacxw/ilp32/libnosys.a
END GROUP
START GROUP
LOAD /usr/share/MRS2/MRS-linux-x64/resources/app/resources/linux/components/WCH/Toolchain/RISC-V Embedded GCC/bin/../lib/gcc/riscv-none-embed/8.2.0/rv32imacxw/ilp32/libgcc.a
LOAD /usr/share/MRS2/MRS-linux-x64/resources/app/resources/linux/components/WCH/Toolchain/RISC-V Embedded GCC/bin/../lib/gcc/riscv-none-embed/8.2.0/../../../../riscv-none-embed/lib/rv32imacxw/ilp32/libc_nano.a
LOAD /usr/share/MRS2/MRS-linux-x64/resources/app/resources/linux/components/WCH/Toolchain/RISC-V Embedded GCC/bin/../lib/gcc/riscv-none-embed/8.2.0/../../../../riscv-none-embed/lib/rv32imacxw/ilp32/libnosys.a
END GROUP
                0x0000000000000800                __stack_size = 0x800
                [!provide]                        PROVIDE (_stack_size = __stack_size)

.init           0x0000000000000000        0x4
                0x0000000000000000                _sinit = .
                0x0000000000000000                . = ALIGN (0x4)
 *(SORT_NONE(.init))
 .init          0x0000000000000000        0x4 ./Startup/startup_ch32v20x_D6.o
                0x0000000000000000                _start
                0x0000000000000004                . = ALIGN (0x4)
                0x0000000000000004                _einit = .

.vector         0x0000000000000004       0xfc
 *(.vector)
 .vector        0x0000000000000004       0xfc ./Startup/startup_ch32v20x_D6.o
                0x0000000000000100                . = ALIGN (0x40)

.text           0x0000000000000100     0x4128
                0x0000000000000100                . = ALIGN (0x4)
 *(.text)
 .text          0x0000000000000100       0x60 /usr/share/MRS2/MRS-linux-x64/resources/app/resources/linux/components/WCH/Toolchain/RISC-V Embedded GCC/bin/../lib/gcc/riscv-none-embed/8.2.0/rv32imacxw/ilp32/libgcc.a(save-restore.o)
                0x0000000000000100                __riscv_save_12
                0x0000000000000108                __riscv_save_8
                0x0000000000000108                __riscv_save_11
                0x0000000000000108                __riscv_save_9
                0x0000000000000108                __riscv_save_10
                0x0000000000000116                __riscv_save_7
                0x0000000000000116                __riscv_save_4
                0x0000000000000116                __riscv_save_6
                0x0000000000000116                __riscv_save_5
                0x0000000000000130                __riscv_save_1
                0x0000000000000130                __riscv_save_3
                0x0000000000000130                __riscv_save_2
                0x0000000000000130                __riscv_save_0
                0x000000000000013c                __riscv_restore_12
                0x0000000000000140                __riscv_restore_10
                0x0000000000000140                __riscv_restore_11
                0x0000000000000140                __riscv_restore_8
                0x0000000000000140                __riscv_restore_9
                0x000000000000014a                __riscv_restore_5
                0x000000000000014a                __riscv_restore_6
                0x000000000000014a                __riscv_restore_4
                0x000000000000014a                __riscv_restore_7
                0x0000000000000154                __riscv_restore_3
                0x0000000000000154                __riscv_restore_2
                0x0000000000000154                __riscv_restore_0
                0x0000000000000154                __riscv_restore_1
 .text          0x0000000000000160       0xa8 /usr/share/MRS2/MRS-linux-x64/resources/app/resources/linux/components/WCH/Toolchain/RISC-V Embedded GCC/bin/../lib/gcc/riscv-none-embed/8.2.0/../../../../riscv-none-embed/lib/rv32imacxw/ilp32/libg_nano.a(lib_a-memset.o)
                0x0000000000000160                memset
 *(.text.*)
 .text.Standard_GetConfiguration
                0x0000000000000208       0x20 ./User/USBLIB/USB-Driver/src/usb_core.o
                0x0000000000000208                Standard_GetConfiguration
 .text.Standard_GetInterface
                0x0000000000000228       0x20 ./User/USBLIB/USB-Driver/src/usb_core.o
                0x0000000000000228                Standard_GetInterface
 .text.Standard_GetStatus
                0x0000000000000248       0x8e ./User/USBLIB/USB-Driver/src/usb_core.o
                0x0000000000000248                Standard_GetStatus
 .text.DataStageIn
                0x00000000000002d6       0xae ./User/USBLIB/USB-Driver/src/usb_core.o
 .text.Standard_SetConfiguration
                0x0000000000000384       0x2c ./User/USBLIB/USB-Driver/src/usb_core.o
                0x0000000000000384                Standard_SetConfiguration
 .text.Standard_SetInterface
                0x00000000000003b0       0x48 ./User/USBLIB/USB-Driver/src/usb_core.o
                0x00000000000003b0                Standard_SetInterface
 .text.Standard_ClearFeature
                0x00000000000003f8      0x11a ./User/USBLIB/USB-Driver/src/usb_core.o
                0x00000000000003f8                Standard_ClearFeature
 .text.Standard_SetEndPointFeature
                0x0000000000000512       0xba ./User/USBLIB/USB-Driver/src/usb_core.o
                0x0000000000000512                Standard_SetEndPointFeature
 .text.Standard_SetDeviceFeature
                0x00000000000005cc       0x1c ./User/USBLIB/USB-Driver/src/usb_core.o
                0x00000000000005cc                Standard_SetDeviceFeature
 .text.Standard_GetDescriptorData
                0x00000000000005e8       0x18 ./User/USBLIB/USB-Driver/src/usb_core.o
                0x00000000000005e8                Standard_GetDescriptorData
 .text.Post0_Process
                0x0000000000000600       0x32 ./User/USBLIB/USB-Driver/src/usb_core.o
                0x0000000000000600                Post0_Process
 .text.Setup0_Process
                0x0000000000000632      0x2f0 ./User/USBLIB/USB-Driver/src/usb_core.o
                0x0000000000000632                Setup0_Process
 .text.Out0_Process
                0x0000000000000922       0xc8 ./User/USBLIB/USB-Driver/src/usb_core.o
                0x0000000000000922                Out0_Process
 .text.SetDeviceAddress
                0x00000000000009ea       0x4a ./User/USBLIB/USB-Driver/src/usb_core.o
                0x00000000000009ea                SetDeviceAddress
 .text.In0_Process
                0x0000000000000a34       0x5a ./User/USBLIB/USB-Driver/src/usb_core.o
                0x0000000000000a34                In0_Process
 .text.NOP_Process
                0x0000000000000a8e        0x2 ./User/USBLIB/USB-Driver/src/usb_core.o
                0x0000000000000a8e                NOP_Process
 .text.USB_Init
                0x0000000000000a90       0x32 ./User/USBLIB/USB-Driver/src/usb_init.o
                0x0000000000000a90                USB_Init
 .text.CTR_LP   0x0000000000000ac2      0x3b8 ./User/USBLIB/USB-Driver/src/usb_int.o
                0x0000000000000ac2                CTR_LP
 .text.UserToPMABufferCopy
                0x0000000000000e7a       0x24 ./User/USBLIB/USB-Driver/src/usb_mem.o
                0x0000000000000e7a                UserToPMABufferCopy
 .text.PMAToUserBufferCopy
                0x0000000000000e9e       0x1e ./User/USBLIB/USB-Driver/src/usb_mem.o
                0x0000000000000e9e                PMAToUserBufferCopy
 .text.SetBTABLE
                0x0000000000000ebc       0x10 ./User/USBLIB/USB-Driver/src/usb_regs.o
                0x0000000000000ebc                SetBTABLE
 .text.SetEPType
                0x0000000000000ecc       0x20 ./User/USBLIB/USB-Driver/src/usb_regs.o
                0x0000000000000ecc                SetEPType
 .text.SetEPTxStatus
                0x0000000000000eec       0x48 ./User/USBLIB/USB-Driver/src/usb_regs.o
                0x0000000000000eec                SetEPTxStatus
 .text.SetEPRxValid
                0x0000000000000f34       0x42 ./User/USBLIB/USB-Driver/src/usb_regs.o
                0x0000000000000f34                SetEPRxValid
 .text.ClearEP_KIND
                0x0000000000000f76       0x26 ./User/USBLIB/USB-Driver/src/usb_regs.o
                0x0000000000000f76                ClearEP_KIND
 .text.Clear_Status_Out
                0x0000000000000f9c        0xa ./User/USBLIB/USB-Driver/src/usb_regs.o
                0x0000000000000f9c                Clear_Status_Out
 .text.ClearDTOG_RX
                0x0000000000000fa6       0x34 ./User/USBLIB/USB-Driver/src/usb_regs.o
                0x0000000000000fa6                ClearDTOG_RX
 .text.ClearDTOG_TX
                0x0000000000000fda       0x30 ./User/USBLIB/USB-Driver/src/usb_regs.o
                0x0000000000000fda                ClearDTOG_TX
 .text.SetEPTxAddr
                0x000000000000100a       0x20 ./User/USBLIB/USB-Driver/src/usb_regs.o
                0x000000000000100a                SetEPTxAddr
 .text.SetEPRxAddr
                0x000000000000102a       0x22 ./User/USBLIB/USB-Driver/src/usb_regs.o
                0x000000000000102a                SetEPRxAddr
 .text.GetEPTxAddr
                0x000000000000104c       0x1c ./User/USBLIB/USB-Driver/src/usb_regs.o
                0x000000000000104c                GetEPTxAddr
 .text.GetEPRxAddr
                0x0000000000001068       0x1e ./User/USBLIB/USB-Driver/src/usb_regs.o
                0x0000000000001068                GetEPRxAddr
 .text.SetEPTxCount
                0x0000000000001086       0x1e ./User/USBLIB/USB-Driver/src/usb_regs.o
                0x0000000000001086                SetEPTxCount
 .text.SetEPRxCount
                0x00000000000010a4       0x82 ./User/USBLIB/USB-Driver/src/usb_regs.o
                0x00000000000010a4                SetEPRxCount
 .text.ByteSwap
                0x0000000000001126        0xe ./User/USBLIB/USB-Driver/src/usb_regs.o
                0x0000000000001126                ByteSwap
 .text.USB_SIL_Init
                0x0000000000001134       0x20 ./User/USBLIB/USB-Driver/src/usb_sil.o
                0x0000000000001134                USB_SIL_Init
 .text.USB_SIL_Write
                0x0000000000001154       0x28 ./User/USBLIB/USB-Driver/src/usb_sil.o
                0x0000000000001154                USB_SIL_Write
 .text.USBWakeUp_IRQHandler
                0x000000000000117c        0xc ./User/USBLIB/CONFIG/hw_config.o
                0x000000000000117c                USBWakeUp_IRQHandler
 .text.USB_LP_CAN1_RX0_IRQHandler
                0x0000000000001188        0x6 ./User/USBLIB/CONFIG/hw_config.o
                0x0000000000001188                USB_LP_CAN1_RX0_IRQHandler
 .text.Set_USBConfig
                0x000000000000118e       0x56 ./User/USBLIB/CONFIG/hw_config.o
                0x000000000000118e                Set_USBConfig
 .text.Enter_LowPowerMode
                0x00000000000011e4       0x32 ./User/USBLIB/CONFIG/hw_config.o
                0x00000000000011e4                Enter_LowPowerMode
 .text.Leave_LowPowerMode
                0x0000000000001216       0x30 ./User/USBLIB/CONFIG/hw_config.o
                0x0000000000001216                Leave_LowPowerMode
 .text.USB_Interrupts_Config
                0x0000000000001246       0x4c ./User/USBLIB/CONFIG/hw_config.o
                0x0000000000001246                USB_Interrupts_Config
 .text.USB_Port_Set
                0x0000000000001292       0xb2 ./User/USBLIB/CONFIG/hw_config.o
                0x0000000000001292                USB_Port_Set
 .text.EP1_IN_Callback
                0x0000000000001344        0x6 ./User/USBLIB/CONFIG/usb_endp.o
                0x0000000000001344                EP1_IN_Callback
 .text.EP2_IN_Callback
                0x000000000000134a        0x6 ./User/USBLIB/CONFIG/usb_endp.o
                0x000000000000134a                EP2_IN_Callback
 .text.USBD_ENDPx_DataUp
                0x0000000000001350       0x52 ./User/USBLIB/CONFIG/usb_endp.o
                0x0000000000001350                USBD_ENDPx_DataUp
 .text.USB_Istr
                0x00000000000013a2      0x208 ./User/USBLIB/CONFIG/usb_istr.o
                0x00000000000013a2                USB_Istr
 .text.USBD_SetConfiguration
                0x00000000000015aa        0xe ./User/USBLIB/CONFIG/usb_prop.o
                0x00000000000015aa                USBD_SetConfiguration
 .text.USBD_SetDeviceAddress
                0x00000000000015b8        0x8 ./User/USBLIB/CONFIG/usb_prop.o
                0x00000000000015b8                USBD_SetDeviceAddress
 .text.USBD_SetDeviceFeature
                0x00000000000015c0        0xe ./User/USBLIB/CONFIG/usb_prop.o
                0x00000000000015c0                USBD_SetDeviceFeature
 .text.USBD_ClearFeature
                0x00000000000015ce        0xe ./User/USBLIB/CONFIG/usb_prop.o
                0x00000000000015ce                USBD_ClearFeature
 .text.USBD_Status_In
                0x00000000000015dc        0x2 ./User/USBLIB/CONFIG/usb_prop.o
                0x00000000000015dc                USBD_Status_In
 .text.USBD_Get_Interface_Setting
                0x00000000000015de       0x10 ./User/USBLIB/CONFIG/usb_prop.o
                0x00000000000015de                USBD_Get_Interface_Setting
 .text.USBD_Data_Setup
                0x00000000000015ee       0xa2 ./User/USBLIB/CONFIG/usb_prop.o
                0x00000000000015ee                USBD_Data_Setup
 .text.USBD_NoData_Setup
                0x0000000000001690       0x48 ./User/USBLIB/CONFIG/usb_prop.o
                0x0000000000001690                USBD_NoData_Setup
 .text.HID_Set_Report
                0x00000000000016d8       0x14 ./User/USBLIB/CONFIG/usb_prop.o
                0x00000000000016d8                HID_Set_Report
 .text.HID_Get_Idle
                0x00000000000016ec       0x16 ./User/USBLIB/CONFIG/usb_prop.o
                0x00000000000016ec                HID_Get_Idle
 .text.HID_Get_Protocol
                0x0000000000001702       0x16 ./User/USBLIB/CONFIG/usb_prop.o
                0x0000000000001702                HID_Get_Protocol
 .text.USBD_init
                0x0000000000001718       0x5c ./User/USBLIB/CONFIG/usb_prop.o
                0x0000000000001718                USBD_init
 .text.USBD_Reset
                0x0000000000001774      0x1c2 ./User/USBLIB/CONFIG/usb_prop.o
                0x0000000000001774                USBD_Reset
 .text.USBD_GetDeviceDescriptor
                0x0000000000001936       0x10 ./User/USBLIB/CONFIG/usb_prop.o
                0x0000000000001936                USBD_GetDeviceDescriptor
 .text.USBD_GetConfigDescriptor
                0x0000000000001946       0x14 ./User/USBLIB/CONFIG/usb_prop.o
                0x0000000000001946                USBD_GetConfigDescriptor
 .text.USBD_GetStringDescriptor
                0x000000000000195a       0x28 ./User/USBLIB/CONFIG/usb_prop.o
                0x000000000000195a                USBD_GetStringDescriptor
 .text.USBD_GetReportDescriptor
                0x0000000000001982       0x28 ./User/USBLIB/CONFIG/usb_prop.o
                0x0000000000001982                USBD_GetReportDescriptor
 .text.USBD_GetHidDescriptor
                0x00000000000019aa       0x28 ./User/USBLIB/CONFIG/usb_prop.o
                0x00000000000019aa                USBD_GetHidDescriptor
 .text.USBD_Status_Out
                0x00000000000019d2        0x2 ./User/USBLIB/CONFIG/usb_prop.o
                0x00000000000019d2                USBD_Status_Out
 .text.PowerOn  0x00000000000019d4       0x2a ./User/USBLIB/CONFIG/usb_pwr.o
                0x00000000000019d4                PowerOn
 .text.Suspend  0x00000000000019fe       0xba ./User/USBLIB/CONFIG/usb_pwr.o
                0x00000000000019fe                Suspend
 .text.Resume_Init
                0x0000000000001ab8       0x2c ./User/USBLIB/CONFIG/usb_pwr.o
                0x0000000000001ab8                Resume_Init
 .text.Resume   0x0000000000001ae4       0xb6 ./User/USBLIB/CONFIG/usb_pwr.o
                0x0000000000001ae4                Resume
 .text.startup.main
                0x0000000000001b9a       0xa4 ./User/Main.o
                0x0000000000001b9a                main
 .text.NMI_Handler
                0x0000000000001c3e        0x2 ./User/ch32v20x_it.o
                0x0000000000001c3e                NMI_Handler
 .text.HardFault_Handler
                0x0000000000001c40       0x10 ./User/ch32v20x_it.o
                0x0000000000001c40                HardFault_Handler
 .text.SystemInit
                0x0000000000001c50       0xea ./User/system_ch32v20x.o
                0x0000000000001c50                SystemInit
 .text.SystemCoreClockUpdate
                0x0000000000001d3a       0x8e ./User/system_ch32v20x.o
                0x0000000000001d3a                SystemCoreClockUpdate
 .text.TIM3_Init
                0x0000000000001dc8       0x68 ./User/usbd_compostie_km.o
                0x0000000000001dc8                TIM3_Init
 .text.USART2_Init
                0x0000000000001e30       0xa6 ./User/usbd_compostie_km.o
                0x0000000000001e30                USART2_Init
 .text.USART2_IRQHandler
                0x0000000000001ed6       0x2e ./User/usbd_compostie_km.o
                0x0000000000001ed6                USART2_IRQHandler
 .text.USART2_Receive_Handle
                0x0000000000001f04       0xb6 ./User/usbd_compostie_km.o
                0x0000000000001f04                USART2_Receive_Handle
 .text.KB_Scan_Init
                0x0000000000001fba       0x36 ./User/usbd_compostie_km.o
                0x0000000000001fba                KB_Scan_Init
 .text.KB_Sleep_Wakeup_Cfg
                0x0000000000001ff0       0x8a ./User/usbd_compostie_km.o
                0x0000000000001ff0                KB_Sleep_Wakeup_Cfg
 .text.KB_Scan  0x000000000000207a       0x66 ./User/usbd_compostie_km.o
                0x000000000000207a                KB_Scan
 .text.KB_Scan_Handle
                0x00000000000020e0      0x154 ./User/usbd_compostie_km.o
                0x00000000000020e0                KB_Scan_Handle
 .text.KB_LED_Handle
                0x0000000000002234       0x9e ./User/usbd_compostie_km.o
                0x0000000000002234                KB_LED_Handle
 .text.MS_Scan_Init
                0x00000000000022d2       0x34 ./User/usbd_compostie_km.o
                0x00000000000022d2                MS_Scan_Init
 .text.MS_Sleep_Wakeup_Cfg
                0x0000000000002306       0x86 ./User/usbd_compostie_km.o
                0x0000000000002306                MS_Sleep_Wakeup_Cfg
 .text.MS_Scan  0x000000000000238c       0x5a ./User/usbd_compostie_km.o
                0x000000000000238c                MS_Scan
 .text.TIM3_IRQHandler
                0x00000000000023e6       0x40 ./User/usbd_compostie_km.o
                0x00000000000023e6                TIM3_IRQHandler
 .text.MS_Scan_Handle
                0x0000000000002426       0xa6 ./User/usbd_compostie_km.o
                0x0000000000002426                MS_Scan_Handle
 .text.MCU_Sleep_Wakeup_Operate
                0x00000000000024cc       0x8e ./User/usbd_compostie_km.o
                0x00000000000024cc                MCU_Sleep_Wakeup_Operate
 .text.vector_handler
                0x000000000000255a        0x2 ./Startup/startup_ch32v20x_D6.o
                0x000000000000255a                EXTI2_IRQHandler
                0x000000000000255a                TIM1_CC_IRQHandler
                0x000000000000255a                SysTick_Handler
                0x000000000000255a                PVD_IRQHandler
                0x000000000000255a                EXTI3_IRQHandler
                0x000000000000255a                USBFS_IRQHandler
                0x000000000000255a                EXTI0_IRQHandler
                0x000000000000255a                I2C2_EV_IRQHandler
                0x000000000000255a                ADC1_2_IRQHandler
                0x000000000000255a                Break_Point_Handler
                0x000000000000255a                SPI1_IRQHandler
                0x000000000000255a                TAMPER_IRQHandler
                0x000000000000255a                Ecall_M_Mode_Handler
                0x000000000000255a                DMA1_Channel4_IRQHandler
                0x000000000000255a                USART3_IRQHandler
                0x000000000000255a                RTC_IRQHandler
                0x000000000000255a                DMA1_Channel7_IRQHandler
                0x000000000000255a                CAN1_RX1_IRQHandler
                0x000000000000255a                TIM4_IRQHandler
                0x000000000000255a                I2C1_EV_IRQHandler
                0x000000000000255a                DMA1_Channel6_IRQHandler
                0x000000000000255a                UART4_IRQHandler
                0x000000000000255a                RCC_IRQHandler
                0x000000000000255a                TIM1_TRG_COM_IRQHandler
                0x000000000000255a                DMA1_Channel1_IRQHandler
                0x000000000000255a                EXTI15_10_IRQHandler
                0x000000000000255a                DMA1_Channel8_IRQHandler
                0x000000000000255a                EXTI9_5_IRQHandler
                0x000000000000255a                SPI2_IRQHandler
                0x000000000000255a                DMA1_Channel5_IRQHandler
                0x000000000000255a                EXTI4_IRQHandler
                0x000000000000255a                USB_HP_CAN1_TX_IRQHandler
                0x000000000000255a                DMA1_Channel3_IRQHandler
                0x000000000000255a                TIM1_UP_IRQHandler
                0x000000000000255a                WWDG_IRQHandler
                0x000000000000255a                Ecall_U_Mode_Handler
                0x000000000000255a                TIM2_IRQHandler
                0x000000000000255a                SW_Handler
                0x000000000000255a                TIM1_BRK_IRQHandler
                0x000000000000255a                EXTI1_IRQHandler
                0x000000000000255a                RTCAlarm_IRQHandler
                0x000000000000255a                I2C2_ER_IRQHandler
                0x000000000000255a                DMA1_Channel2_IRQHandler
                0x000000000000255a                CAN1_SCE_IRQHandler
                0x000000000000255a                FLASH_IRQHandler
                0x000000000000255a                USBFSWakeUp_IRQHandler
                0x000000000000255a                USART1_IRQHandler
                0x000000000000255a                I2C1_ER_IRQHandler
 .text.handle_reset
                0x000000000000255c       0x86 ./Startup/startup_ch32v20x_D6.o
                0x000000000000255c                handle_reset
 .text.EXTI_Init
                0x00000000000025e2       0x6a ./Peripheral/src/ch32v20x_exti.o
                0x00000000000025e2                EXTI_Init
 .text.EXTI_GetFlagStatus
                0x000000000000264c       0x12 ./Peripheral/src/ch32v20x_exti.o
                0x000000000000264c                EXTI_GetFlagStatus
 .text.EXTI_ClearFlag
                0x000000000000265e        0xa ./Peripheral/src/ch32v20x_exti.o
                0x000000000000265e                EXTI_ClearFlag
 .text.EXTI_ClearITPendingBit
                0x0000000000002668        0xa ./Peripheral/src/ch32v20x_exti.o
                0x0000000000002668                EXTI_ClearITPendingBit
 .text.GPIO_Init
                0x0000000000002672       0xf2 ./Peripheral/src/ch32v20x_gpio.o
                0x0000000000002672                GPIO_Init
 .text.GPIO_ReadInputData
                0x0000000000002764       0x1c ./Peripheral/src/ch32v20x_gpio.o
                0x0000000000002764                GPIO_ReadInputData
 .text.GPIO_EXTILineConfig
                0x0000000000002780       0x2c ./Peripheral/src/ch32v20x_gpio.o
                0x0000000000002780                GPIO_EXTILineConfig
 .text.NVIC_PriorityGroupConfig
                0x00000000000027ac        0x6 ./Peripheral/src/ch32v20x_misc.o
                0x00000000000027ac                NVIC_PriorityGroupConfig
 .text.NVIC_Init
                0x00000000000027b2       0x54 ./Peripheral/src/ch32v20x_misc.o
                0x00000000000027b2                NVIC_Init
 .text.PWR_EnterSTOPMode
                0x0000000000002806       0x90 ./Peripheral/src/ch32v20x_pwr.o
                0x0000000000002806                PWR_EnterSTOPMode
 .text.RCC_USBCLKConfig
                0x0000000000002896       0x1a ./Peripheral/src/ch32v20x_rcc.o
                0x0000000000002896                RCC_USBCLKConfig
 .text.RCC_GetClocksFreq
                0x00000000000028b0       0xbe ./Peripheral/src/ch32v20x_rcc.o
                0x00000000000028b0                RCC_GetClocksFreq
 .text.RCC_APB2PeriphClockCmd
                0x000000000000296e       0x1e ./Peripheral/src/ch32v20x_rcc.o
                0x000000000000296e                RCC_APB2PeriphClockCmd
 .text.RCC_APB1PeriphClockCmd
                0x000000000000298c       0x1e ./Peripheral/src/ch32v20x_rcc.o
                0x000000000000298c                RCC_APB1PeriphClockCmd
 .text.TIM_TimeBaseInit
                0x00000000000029aa       0x6a ./Peripheral/src/ch32v20x_tim.o
                0x00000000000029aa                TIM_TimeBaseInit
 .text.TIM_Cmd  0x0000000000002a14       0x18 ./Peripheral/src/ch32v20x_tim.o
                0x0000000000002a14                TIM_Cmd
 .text.TIM_ITConfig
                0x0000000000002a2c       0x12 ./Peripheral/src/ch32v20x_tim.o
                0x0000000000002a2c                TIM_ITConfig
 .text.TIM_GetITStatus
                0x0000000000002a3e       0x18 ./Peripheral/src/ch32v20x_tim.o
                0x0000000000002a3e                TIM_GetITStatus
 .text.TIM_ClearITPendingBit
                0x0000000000002a56        0xc ./Peripheral/src/ch32v20x_tim.o
                0x0000000000002a56                TIM_ClearITPendingBit
 .text.USART_Init
                0x0000000000002a62       0x90 ./Peripheral/src/ch32v20x_usart.o
                0x0000000000002a62                USART_Init
 .text.USART_Cmd
                0x0000000000002af2       0x16 ./Peripheral/src/ch32v20x_usart.o
                0x0000000000002af2                USART_Cmd
 .text.USART_ITConfig
                0x0000000000002b08       0x36 ./Peripheral/src/ch32v20x_usart.o
                0x0000000000002b08                USART_ITConfig
 .text.USART_SendData
                0x0000000000002b3e        0x8 ./Peripheral/src/ch32v20x_usart.o
                0x0000000000002b3e                USART_SendData
 .text.USART_ReceiveData
                0x0000000000002b46        0x8 ./Peripheral/src/ch32v20x_usart.o
                0x0000000000002b46                USART_ReceiveData
 .text.USART_GetFlagStatus
                0x0000000000002b4e        0xa ./Peripheral/src/ch32v20x_usart.o
                0x0000000000002b4e                USART_GetFlagStatus
 .text.USART_GetITStatus
                0x0000000000002b58       0x3c ./Peripheral/src/ch32v20x_usart.o
                0x0000000000002b58                USART_GetITStatus
 .text.Delay_Init
                0x0000000000002b94       0x26 ./Debug/debug.o
                0x0000000000002b94                Delay_Init
 .text.Delay_Ms
                0x0000000000002bba       0x36 ./Debug/debug.o
                0x0000000000002bba                Delay_Ms
 .text.USART_Printf_Init
                0x0000000000002bf0       0x5a ./Debug/debug.o
                0x0000000000002bf0                USART_Printf_Init
 .text._write   0x0000000000002c4a       0x3e ./Debug/debug.o
                0x0000000000002c4a                _write
 .text._sbrk    0x0000000000002c88       0x26 ./Debug/debug.o
                0x0000000000002c88                _sbrk
 .text.memcpy   0x0000000000002cae       0xb2 /usr/share/MRS2/MRS-linux-x64/resources/app/resources/linux/components/WCH/Toolchain/RISC-V Embedded GCC/bin/../lib/gcc/riscv-none-embed/8.2.0/../../../../riscv-none-embed/lib/rv32imacxw/ilp32/libg_nano.a(lib_a-memcpy.o)
                0x0000000000002cae                memcpy
 .text.printf   0x0000000000002d60       0x40 /usr/share/MRS2/MRS-linux-x64/resources/app/resources/linux/components/WCH/Toolchain/RISC-V Embedded GCC/bin/../lib/gcc/riscv-none-embed/8.2.0/../../../../riscv-none-embed/lib/rv32imacxw/ilp32/libg_nano.a(lib_a-printf.o)
                0x0000000000002d60                printf
                0x0000000000002d60                iprintf
 .text._puts_r  0x0000000000002da0       0xd4 /usr/share/MRS2/MRS-linux-x64/resources/app/resources/linux/components/WCH/Toolchain/RISC-V Embedded GCC/bin/../lib/gcc/riscv-none-embed/8.2.0/../../../../riscv-none-embed/lib/rv32imacxw/ilp32/libg_nano.a(lib_a-puts.o)
                0x0000000000002da0                _puts_r
 .text.puts     0x0000000000002e74        0xc /usr/share/MRS2/MRS-linux-x64/resources/app/resources/linux/components/WCH/Toolchain/RISC-V Embedded GCC/bin/../lib/gcc/riscv-none-embed/8.2.0/../../../../riscv-none-embed/lib/rv32imacxw/ilp32/libg_nano.a(lib_a-puts.o)
                0x0000000000002e74                puts
 .text.__swbuf_r
                0x0000000000002e80       0xbc /usr/share/MRS2/MRS-linux-x64/resources/app/resources/linux/components/WCH/Toolchain/RISC-V Embedded GCC/bin/../lib/gcc/riscv-none-embed/8.2.0/../../../../riscv-none-embed/lib/rv32imacxw/ilp32/libg_nano.a(lib_a-wbuf.o)
                0x0000000000002e80                __swbuf_r
 .text.__swsetup_r
                0x0000000000002f3c       0xfc /usr/share/MRS2/MRS-linux-x64/resources/app/resources/linux/components/WCH/Toolchain/RISC-V Embedded GCC/bin/../lib/gcc/riscv-none-embed/8.2.0/../../../../riscv-none-embed/lib/rv32imacxw/ilp32/libg_nano.a(lib_a-wsetup.o)
                0x0000000000002f3c                __swsetup_r
 .text.__sflush_r
                0x0000000000003038      0x130 /usr/share/MRS2/MRS-linux-x64/resources/app/resources/linux/components/WCH/Toolchain/RISC-V Embedded GCC/bin/../lib/gcc/riscv-none-embed/8.2.0/../../../../riscv-none-embed/lib/rv32imacxw/ilp32/libg_nano.a(lib_a-fflush.o)
                0x0000000000003038                __sflush_r
 .text._fflush_r
                0x0000000000003168       0x66 /usr/share/MRS2/MRS-linux-x64/resources/app/resources/linux/components/WCH/Toolchain/RISC-V Embedded GCC/bin/../lib/gcc/riscv-none-embed/8.2.0/../../../../riscv-none-embed/lib/rv32imacxw/ilp32/libg_nano.a(lib_a-fflush.o)
                0x0000000000003168                _fflush_r
 .text.std      0x00000000000031ce       0x66 /usr/share/MRS2/MRS-linux-x64/resources/app/resources/linux/components/WCH/Toolchain/RISC-V Embedded GCC/bin/../lib/gcc/riscv-none-embed/8.2.0/../../../../riscv-none-embed/lib/rv32imacxw/ilp32/libg_nano.a(lib_a-findfp.o)
 .text._cleanup_r
                0x0000000000003234        0xa /usr/share/MRS2/MRS-linux-x64/resources/app/resources/linux/components/WCH/Toolchain/RISC-V Embedded GCC/bin/../lib/gcc/riscv-none-embed/8.2.0/../../../../riscv-none-embed/lib/rv32imacxw/ilp32/libg_nano.a(lib_a-findfp.o)
                0x0000000000003234                _cleanup_r
 .text.__sfmoreglue
                0x000000000000323e       0x46 /usr/share/MRS2/MRS-linux-x64/resources/app/resources/linux/components/WCH/Toolchain/RISC-V Embedded GCC/bin/../lib/gcc/riscv-none-embed/8.2.0/../../../../riscv-none-embed/lib/rv32imacxw/ilp32/libg_nano.a(lib_a-findfp.o)
                0x000000000000323e                __sfmoreglue
 .text.__sinit  0x0000000000003284       0x6c /usr/share/MRS2/MRS-linux-x64/resources/app/resources/linux/components/WCH/Toolchain/RISC-V Embedded GCC/bin/../lib/gcc/riscv-none-embed/8.2.0/../../../../riscv-none-embed/lib/rv32imacxw/ilp32/libg_nano.a(lib_a-findfp.o)
                0x0000000000003284                __sinit
 .text.__sfp    0x00000000000032f0       0xa0 /usr/share/MRS2/MRS-linux-x64/resources/app/resources/linux/components/WCH/Toolchain/RISC-V Embedded GCC/bin/../lib/gcc/riscv-none-embed/8.2.0/../../../../riscv-none-embed/lib/rv32imacxw/ilp32/libg_nano.a(lib_a-findfp.o)
                0x00000000000032f0                __sfp
 .text._fwalk_reent
                0x0000000000003390       0x6a /usr/share/MRS2/MRS-linux-x64/resources/app/resources/linux/components/WCH/Toolchain/RISC-V Embedded GCC/bin/../lib/gcc/riscv-none-embed/8.2.0/../../../../riscv-none-embed/lib/rv32imacxw/ilp32/libg_nano.a(lib_a-fwalk.o)
                0x0000000000003390                _fwalk_reent
 .text.__swhatbuf_r
                0x00000000000033fa       0x58 /usr/share/MRS2/MRS-linux-x64/resources/app/resources/linux/components/WCH/Toolchain/RISC-V Embedded GCC/bin/../lib/gcc/riscv-none-embed/8.2.0/../../../../riscv-none-embed/lib/rv32imacxw/ilp32/libg_nano.a(lib_a-makebuf.o)
                0x00000000000033fa                __swhatbuf_r
 .text.__smakebuf_r
                0x0000000000003452       0x92 /usr/share/MRS2/MRS-linux-x64/resources/app/resources/linux/components/WCH/Toolchain/RISC-V Embedded GCC/bin/../lib/gcc/riscv-none-embed/8.2.0/../../../../riscv-none-embed/lib/rv32imacxw/ilp32/libg_nano.a(lib_a-makebuf.o)
                0x0000000000003452                __smakebuf_r
 .text._free_r  0x00000000000034e4       0xa8 /usr/share/MRS2/MRS-linux-x64/resources/app/resources/linux/components/WCH/Toolchain/RISC-V Embedded GCC/bin/../lib/gcc/riscv-none-embed/8.2.0/../../../../riscv-none-embed/lib/rv32imacxw/ilp32/libg_nano.a(lib_a-nano-freer.o)
                0x00000000000034e4                _free_r
 .text._malloc_r
                0x000000000000358c       0xd4 /usr/share/MRS2/MRS-linux-x64/resources/app/resources/linux/components/WCH/Toolchain/RISC-V Embedded GCC/bin/../lib/gcc/riscv-none-embed/8.2.0/../../../../riscv-none-embed/lib/rv32imacxw/ilp32/libg_nano.a(lib_a-nano-mallocr.o)
                0x000000000000358c                _malloc_r
 .text.__sfputc_r
                0x0000000000003660       0x28 /usr/share/MRS2/MRS-linux-x64/resources/app/resources/linux/components/WCH/Toolchain/RISC-V Embedded GCC/bin/../lib/gcc/riscv-none-embed/8.2.0/../../../../riscv-none-embed/lib/rv32imacxw/ilp32/libg_nano.a(lib_a-nano-vfprintf.o)
 .text.__sfputs_r
                0x0000000000003688       0x42 /usr/share/MRS2/MRS-linux-x64/resources/app/resources/linux/components/WCH/Toolchain/RISC-V Embedded GCC/bin/../lib/gcc/riscv-none-embed/8.2.0/../../../../riscv-none-embed/lib/rv32imacxw/ilp32/libg_nano.a(lib_a-nano-vfprintf.o)
                0x0000000000003688                __sfputs_r
 .text._vfprintf_r
                0x00000000000036ca      0x288 /usr/share/MRS2/MRS-linux-x64/resources/app/resources/linux/components/WCH/Toolchain/RISC-V Embedded GCC/bin/../lib/gcc/riscv-none-embed/8.2.0/../../../../riscv-none-embed/lib/rv32imacxw/ilp32/libg_nano.a(lib_a-nano-vfprintf.o)
                0x00000000000036ca                _vfiprintf_r
                0x00000000000036ca                _vfprintf_r
 .text._printf_common
                0x0000000000003952      0x10c /usr/share/MRS2/MRS-linux-x64/resources/app/resources/linux/components/WCH/Toolchain/RISC-V Embedded GCC/bin/../lib/gcc/riscv-none-embed/8.2.0/../../../../riscv-none-embed/lib/rv32imacxw/ilp32/libg_nano.a(lib_a-nano-vfprintf_i.o)
                0x0000000000003952                _printf_common
 .text._printf_i
                0x0000000000003a5e      0x2a2 /usr/share/MRS2/MRS-linux-x64/resources/app/resources/linux/components/WCH/Toolchain/RISC-V Embedded GCC/bin/../lib/gcc/riscv-none-embed/8.2.0/../../../../riscv-none-embed/lib/rv32imacxw/ilp32/libg_nano.a(lib_a-nano-vfprintf_i.o)
                0x0000000000003a5e                _printf_i
 .text._sbrk_r  0x0000000000003d00       0x2a /usr/share/MRS2/MRS-linux-x64/resources/app/resources/linux/components/WCH/Toolchain/RISC-V Embedded GCC/bin/../lib/gcc/riscv-none-embed/8.2.0/../../../../riscv-none-embed/lib/rv32imacxw/ilp32/libg_nano.a(lib_a-sbrkr.o)
                0x0000000000003d00                _sbrk_r
 .text.__sread  0x0000000000003d2a       0x2c /usr/share/MRS2/MRS-linux-x64/resources/app/resources/linux/components/WCH/Toolchain/RISC-V Embedded GCC/bin/../lib/gcc/riscv-none-embed/8.2.0/../../../../riscv-none-embed/lib/rv32imacxw/ilp32/libg_nano.a(lib_a-stdio.o)
                0x0000000000003d2a                __sread
 .text.__swrite
                0x0000000000003d56       0x48 /usr/share/MRS2/MRS-linux-x64/resources/app/resources/linux/components/WCH/Toolchain/RISC-V Embedded GCC/bin/../lib/gcc/riscv-none-embed/8.2.0/../../../../riscv-none-embed/lib/rv32imacxw/ilp32/libg_nano.a(lib_a-stdio.o)
                0x0000000000003d56                __swrite
 .text.__sseek  0x0000000000003d9e       0x30 /usr/share/MRS2/MRS-linux-x64/resources/app/resources/linux/components/WCH/Toolchain/RISC-V Embedded GCC/bin/../lib/gcc/riscv-none-embed/8.2.0/../../../../riscv-none-embed/lib/rv32imacxw/ilp32/libg_nano.a(lib_a-stdio.o)
                0x0000000000003d9e                __sseek
 .text.__sclose
                0x0000000000003dce        0x6 /usr/share/MRS2/MRS-linux-x64/resources/app/resources/linux/components/WCH/Toolchain/RISC-V Embedded GCC/bin/../lib/gcc/riscv-none-embed/8.2.0/../../../../riscv-none-embed/lib/rv32imacxw/ilp32/libg_nano.a(lib_a-stdio.o)
                0x0000000000003dce                __sclose
 .text._write_r
                0x0000000000003dd4       0x2e /usr/share/MRS2/MRS-linux-x64/resources/app/resources/linux/components/WCH/Toolchain/RISC-V Embedded GCC/bin/../lib/gcc/riscv-none-embed/8.2.0/../../../../riscv-none-embed/lib/rv32imacxw/ilp32/libg_nano.a(lib_a-writer.o)
                0x0000000000003dd4                _write_r
 .text._close_r
                0x0000000000003e02       0x28 /usr/share/MRS2/MRS-linux-x64/resources/app/resources/linux/components/WCH/Toolchain/RISC-V Embedded GCC/bin/../lib/gcc/riscv-none-embed/8.2.0/../../../../riscv-none-embed/lib/rv32imacxw/ilp32/libg_nano.a(lib_a-closer.o)
                0x0000000000003e02                _close_r
 .text._fstat_r
                0x0000000000003e2a       0x2a /usr/share/MRS2/MRS-linux-x64/resources/app/resources/linux/components/WCH/Toolchain/RISC-V Embedded GCC/bin/../lib/gcc/riscv-none-embed/8.2.0/../../../../riscv-none-embed/lib/rv32imacxw/ilp32/libg_nano.a(lib_a-fstatr.o)
                0x0000000000003e2a                _fstat_r
 .text._isatty_r
                0x0000000000003e54       0x28 /usr/share/MRS2/MRS-linux-x64/resources/app/resources/linux/components/WCH/Toolchain/RISC-V Embedded GCC/bin/../lib/gcc/riscv-none-embed/8.2.0/../../../../riscv-none-embed/lib/rv32imacxw/ilp32/libg_nano.a(lib_a-isattyr.o)
                0x0000000000003e54                _isatty_r
 .text._lseek_r
                0x0000000000003e7c       0x2c /usr/share/MRS2/MRS-linux-x64/resources/app/resources/linux/components/WCH/Toolchain/RISC-V Embedded GCC/bin/../lib/gcc/riscv-none-embed/8.2.0/../../../../riscv-none-embed/lib/rv32imacxw/ilp32/libg_nano.a(lib_a-lseekr.o)
                0x0000000000003e7c                _lseek_r
 .text.memchr   0x0000000000003ea8       0x18 /usr/share/MRS2/MRS-linux-x64/resources/app/resources/linux/components/WCH/Toolchain/RISC-V Embedded GCC/bin/../lib/gcc/riscv-none-embed/8.2.0/../../../../riscv-none-embed/lib/rv32imacxw/ilp32/libg_nano.a(lib_a-memchr.o)
                0x0000000000003ea8                memchr
 .text.__malloc_lock
                0x0000000000003ec0        0x2 /usr/share/MRS2/MRS-linux-x64/resources/app/resources/linux/components/WCH/Toolchain/RISC-V Embedded GCC/bin/../lib/gcc/riscv-none-embed/8.2.0/../../../../riscv-none-embed/lib/rv32imacxw/ilp32/libg_nano.a(lib_a-mlock.o)
                0x0000000000003ec0                __malloc_lock
 .text.__malloc_unlock
                0x0000000000003ec2        0x2 /usr/share/MRS2/MRS-linux-x64/resources/app/resources/linux/components/WCH/Toolchain/RISC-V Embedded GCC/bin/../lib/gcc/riscv-none-embed/8.2.0/../../../../riscv-none-embed/lib/rv32imacxw/ilp32/libg_nano.a(lib_a-mlock.o)
                0x0000000000003ec2                __malloc_unlock
 .text._read_r  0x0000000000003ec4       0x2c /usr/share/MRS2/MRS-linux-x64/resources/app/resources/linux/components/WCH/Toolchain/RISC-V Embedded GCC/bin/../lib/gcc/riscv-none-embed/8.2.0/../../../../riscv-none-embed/lib/rv32imacxw/ilp32/libg_nano.a(lib_a-readr.o)
                0x0000000000003ec4                _read_r
 .text._close   0x0000000000003ef0        0xc /usr/share/MRS2/MRS-linux-x64/resources/app/resources/linux/components/WCH/Toolchain/RISC-V Embedded GCC/bin/../lib/gcc/riscv-none-embed/8.2.0/../../../../riscv-none-embed/lib/rv32imacxw/ilp32/libnosys.a(close.o)
                0x0000000000003ef0                _close
 .text._fstat   0x0000000000003efc        0xc /usr/share/MRS2/MRS-linux-x64/resources/app/resources/linux/components/WCH/Toolchain/RISC-V Embedded GCC/bin/../lib/gcc/riscv-none-embed/8.2.0/../../../../riscv-none-embed/lib/rv32imacxw/ilp32/libnosys.a(fstat.o)
                0x0000000000003efc                _fstat
 .text._isatty  0x0000000000003f08        0xc /usr/share/MRS2/MRS-linux-x64/resources/app/resources/linux/components/WCH/Toolchain/RISC-V Embedded GCC/bin/../lib/gcc/riscv-none-embed/8.2.0/../../../../riscv-none-embed/lib/rv32imacxw/ilp32/libnosys.a(isatty.o)
                0x0000000000003f08                _isatty
 .text._lseek   0x0000000000003f14        0xc /usr/share/MRS2/MRS-linux-x64/resources/app/resources/linux/components/WCH/Toolchain/RISC-V Embedded GCC/bin/../lib/gcc/riscv-none-embed/8.2.0/../../../../riscv-none-embed/lib/rv32imacxw/ilp32/libnosys.a(lseek.o)
                0x0000000000003f14                _lseek
 .text._read    0x0000000000003f20        0xc /usr/share/MRS2/MRS-linux-x64/resources/app/resources/linux/components/WCH/Toolchain/RISC-V Embedded GCC/bin/../lib/gcc/riscv-none-embed/8.2.0/../../../../riscv-none-embed/lib/rv32imacxw/ilp32/libnosys.a(read.o)
                0x0000000000003f20                _read
 *(.rodata)
 *(.rodata*)
 .rodata.Enter_LowPowerMode.str1.4
                0x0000000000003f2c       0x1a ./User/USBLIB/CONFIG/hw_config.o
 *fill*         0x0000000000003f46        0x2 
 .rodata.Leave_LowPowerMode.str1.4
                0x0000000000003f48       0x1a ./User/USBLIB/CONFIG/hw_config.o
 *fill*         0x0000000000003f62        0x2 
 .rodata.USBD_ConfigDescriptor
                0x0000000000003f64       0x3b ./User/USBLIB/CONFIG/usb_desc.o
                0x0000000000003f64                USBD_ConfigDescriptor
 *fill*         0x0000000000003f9f        0x1 
 .rodata.USBD_DeviceDescriptor
                0x0000000000003fa0       0x12 ./User/USBLIB/CONFIG/usb_desc.o
                0x0000000000003fa0                USBD_DeviceDescriptor
 *fill*         0x0000000000003fb2        0x2 
 .rodata.USBD_KeyRepDesc
                0x0000000000003fb4       0x3e ./User/USBLIB/CONFIG/usb_desc.o
                0x0000000000003fb4                USBD_KeyRepDesc
 *fill*         0x0000000000003ff2        0x2 
 .rodata.USBD_MouseRepDesc
                0x0000000000003ff4       0x34 ./User/USBLIB/CONFIG/usb_desc.o
                0x0000000000003ff4                USBD_MouseRepDesc
 .rodata.USBD_StringProduct
                0x0000000000004028       0x12 ./User/USBLIB/CONFIG/usb_desc.o
                0x0000000000004028                USBD_StringProduct
 *fill*         0x000000000000403a        0x2 
 .rodata.USBD_StringVendor
                0x000000000000403c        0xe ./User/USBLIB/CONFIG/usb_desc.o
                0x000000000000403c                USBD_StringVendor
 *fill*         0x000000000000404a        0x2 
 .rodata.Resume
                0x000000000000404c       0x18 ./User/USBLIB/CONFIG/usb_pwr.o
 .rodata.main.str1.4
                0x0000000000004064       0x77 ./User/Main.o
 *fill*         0x00000000000040db        0x1 
 .rodata.KB_LED_Handle.str1.4
                0x00000000000040dc       0x91 ./User/usbd_compostie_km.o
 *fill*         0x000000000000416d        0x3 
 .rodata.MCU_Sleep_Wakeup_Operate.str1.4
                0x0000000000004170       0x1a ./User/usbd_compostie_km.o
 *fill*         0x000000000000418a        0x2 
 .rodata.__sf_fake_stderr
                0x000000000000418c       0x20 /usr/share/MRS2/MRS-linux-x64/resources/app/resources/linux/components/WCH/Toolchain/RISC-V Embedded GCC/bin/../lib/gcc/riscv-none-embed/8.2.0/../../../../riscv-none-embed/lib/rv32imacxw/ilp32/libg_nano.a(lib_a-findfp.o)
                0x000000000000418c                __sf_fake_stderr
 .rodata.__sf_fake_stdin
                0x00000000000041ac       0x20 /usr/share/MRS2/MRS-linux-x64/resources/app/resources/linux/components/WCH/Toolchain/RISC-V Embedded GCC/bin/../lib/gcc/riscv-none-embed/8.2.0/../../../../riscv-none-embed/lib/rv32imacxw/ilp32/libg_nano.a(lib_a-findfp.o)
                0x00000000000041ac                __sf_fake_stdin
 .rodata.__sf_fake_stdout
                0x00000000000041cc       0x20 /usr/share/MRS2/MRS-linux-x64/resources/app/resources/linux/components/WCH/Toolchain/RISC-V Embedded GCC/bin/../lib/gcc/riscv-none-embed/8.2.0/../../../../riscv-none-embed/lib/rv32imacxw/ilp32/libg_nano.a(lib_a-findfp.o)
                0x00000000000041cc                __sf_fake_stdout
 .rodata._vfprintf_r.str1.4
                0x00000000000041ec       0x13 /usr/share/MRS2/MRS-linux-x64/resources/app/resources/linux/components/WCH/Toolchain/RISC-V Embedded GCC/bin/../lib/gcc/riscv-none-embed/8.2.0/../../../../riscv-none-embed/lib/rv32imacxw/ilp32/libg_nano.a(lib_a-nano-vfprintf.o)
 *fill*         0x00000000000041ff        0x1 
 .rodata._printf_i.str1.4
                0x0000000000004200       0x28 /usr/share/MRS2/MRS-linux-x64/resources/app/resources/linux/components/WCH/Toolchain/RISC-V Embedded GCC/bin/../lib/gcc/riscv-none-embed/8.2.0/../../../../riscv-none-embed/lib/rv32imacxw/ilp32/libg_nano.a(lib_a-nano-vfprintf_i.o)
                                         0x25 (size before relaxing)
 *(.gnu.linkonce.t.*)
                0x0000000000004228                . = ALIGN (0x4)

.rela.dyn       0x0000000000004228        0x0
 .rela.init     0x0000000000004228        0x0 ./User/USBLIB/USB-Driver/src/usb_core.o
 .rela.vector   0x0000000000004228        0x0 ./User/USBLIB/USB-Driver/src/usb_core.o
 .rela.text.handle_reset
                0x0000000000004228        0x0 ./User/USBLIB/USB-Driver/src/usb_core.o
 .rela.text._sbrk
                0x0000000000004228        0x0 ./User/USBLIB/USB-Driver/src/usb_core.o
 .rela.sdata.curbrk.4672
                0x0000000000004228        0x0 ./User/USBLIB/USB-Driver/src/usb_core.o
 .rela.text._vfprintf_r
                0x0000000000004228        0x0 ./User/USBLIB/USB-Driver/src/usb_core.o
 .rela.text._sbrk_r
                0x0000000000004228        0x0 ./User/USBLIB/USB-Driver/src/usb_core.o
 .rela.text._write_r
                0x0000000000004228        0x0 ./User/USBLIB/USB-Driver/src/usb_core.o
 .rela.text._close_r
                0x0000000000004228        0x0 ./User/USBLIB/USB-Driver/src/usb_core.o
 .rela.text._fstat_r
                0x0000000000004228        0x0 ./User/USBLIB/USB-Driver/src/usb_core.o
 .rela.text._isatty_r
                0x0000000000004228        0x0 ./User/USBLIB/USB-Driver/src/usb_core.o
 .rela.text._lseek_r
                0x0000000000004228        0x0 ./User/USBLIB/USB-Driver/src/usb_core.o
 .rela.text._read_r
                0x0000000000004228        0x0 ./User/USBLIB/USB-Driver/src/usb_core.o
 .rela.text._close
                0x0000000000004228        0x0 ./User/USBLIB/USB-Driver/src/usb_core.o
 .rela.text._fstat
                0x0000000000004228        0x0 ./User/USBLIB/USB-Driver/src/usb_core.o
 .rela.text._isatty
                0x0000000000004228        0x0 ./User/USBLIB/USB-Driver/src/usb_core.o
 .rela.text._lseek
                0x0000000000004228        0x0 ./User/USBLIB/USB-Driver/src/usb_core.o
 .rela.text._read
                0x0000000000004228        0x0 ./User/USBLIB/USB-Driver/src/usb_core.o

.fini           0x0000000000004228        0x0
 *(SORT_NONE(.fini))
                0x0000000000004228                . = ALIGN (0x4)
                [!provide]                        PROVIDE (_etext = .)
                [!provide]                        PROVIDE (_eitcm = .)

.preinit_array  0x0000000000004228        0x0
                [!provide]                        PROVIDE (__preinit_array_start = .)
 *(.preinit_array)
                [!provide]                        PROVIDE (__preinit_array_end = .)

.init_array     0x0000000000004228        0x0
                [!provide]                        PROVIDE (__init_array_start = .)
 *(SORT_BY_INIT_PRIORITY(.init_array.*) SORT_BY_INIT_PRIORITY(.ctors.*))
 *(.init_array EXCLUDE_FILE(*crtend?.o *crtend.o *crtbegin?.o *crtbegin.o) .ctors)
                [!provide]                        PROVIDE (__init_array_end = .)

.fini_array     0x0000000000004228        0x0
                [!provide]                        PROVIDE (__fini_array_start = .)
 *(SORT_BY_INIT_PRIORITY(.fini_array.*) SORT_BY_INIT_PRIORITY(.dtors.*))
 *(.fini_array EXCLUDE_FILE(*crtend?.o *crtend.o *crtbegin?.o *crtbegin.o) .dtors)
                [!provide]                        PROVIDE (__fini_array_end = .)

.ctors
 *crtbegin.o(.ctors)
 *crtbegin?.o(.ctors)
 *(EXCLUDE_FILE(*crtend?.o *crtend.o) .ctors)
 *(SORT_BY_NAME(.ctors.*))
 *(.ctors)

.dtors
 *crtbegin.o(.dtors)
 *crtbegin?.o(.dtors)
 *(EXCLUDE_FILE(*crtend?.o *crtend.o) .dtors)
 *(SORT_BY_NAME(.dtors.*))
 *(.dtors)

.dalign         0x0000000020000000        0x0 load address 0x0000000000004228
                0x0000000020000000                . = ALIGN (0x4)
                0x0000000020000000                PROVIDE (_data_vma = .)

.dlalign        0x0000000000004228        0x0
                0x0000000000004228                . = ALIGN (0x4)
                0x0000000000004228                PROVIDE (_data_lma = .)

.data           0x0000000020000000      0x1a0 load address 0x0000000000004228
 *(.gnu.linkonce.r.*)
 *(.data .data.*)
 .data.USBD_StringSerial
                0x0000000020000000       0x16 ./User/USBLIB/CONFIG/usb_desc.o
                0x0000000020000000                USBD_StringSerial
 *fill*         0x0000000020000016        0x2 
 .data.pEpInt_IN
                0x0000000020000018       0x1c ./User/USBLIB/CONFIG/usb_istr.o
                0x0000000020000018                pEpInt_IN
 .data.pEpInt_OUT
                0x0000000020000034       0x1c ./User/USBLIB/CONFIG/usb_istr.o
                0x0000000020000034                pEpInt_OUT
 .data.Device_Property
                0x0000000020000050       0x30 ./User/USBLIB/CONFIG/usb_prop.o
                0x0000000020000050                Device_Property
 .data.Hid_Descriptor
                0x0000000020000080       0x10 ./User/USBLIB/CONFIG/usb_prop.o
                0x0000000020000080                Hid_Descriptor
 .data.Report_Descriptor
                0x0000000020000090       0x10 ./User/USBLIB/CONFIG/usb_prop.o
                0x0000000020000090                Report_Descriptor
 .data.String_Descriptor
                0x00000000200000a0       0x20 ./User/USBLIB/CONFIG/usb_prop.o
                0x00000000200000a0                String_Descriptor
 .data.User_Standard_Requests
                0x00000000200000c0       0x24 ./User/USBLIB/CONFIG/usb_prop.o
                0x00000000200000c0                User_Standard_Requests
 .data.AHBPrescTable
                0x00000000200000e4       0x10 ./User/system_ch32v20x.o
                0x00000000200000e4                AHBPrescTable
 .data.APBAHBPrescTable
                0x00000000200000f4       0x10 ./Peripheral/src/ch32v20x_rcc.o
 .data.impure_data
                0x0000000020000104       0x60 /usr/share/MRS2/MRS-linux-x64/resources/app/resources/linux/components/WCH/Toolchain/RISC-V Embedded GCC/bin/../lib/gcc/riscv-none-embed/8.2.0/../../../../riscv-none-embed/lib/rv32imacxw/ilp32/libg_nano.a(lib_a-impure.o)
 *(.gnu.linkonce.d.*)
                0x0000000020000168                . = ALIGN (0x8)
 *fill*         0x0000000020000164        0x4 
                0x0000000020000968                PROVIDE (__global_pointer$ = (. + 0x800))
 *(.sdata .sdata.*)
 .sdata.Config_Descriptor
                0x0000000020000168        0x8 ./User/USBLIB/CONFIG/usb_prop.o
                0x0000000020000168                Config_Descriptor
 .sdata.Device_Descriptor
                0x0000000020000170        0x8 ./User/USBLIB/CONFIG/usb_prop.o
                0x0000000020000170                Device_Descriptor
 .sdata.Device_Table
                0x0000000020000178        0x2 ./User/USBLIB/CONFIG/usb_prop.o
                0x0000000020000178                Device_Table
 *fill*         0x000000002000017a        0x2 
 .sdata.fSuspendEnabled
                0x000000002000017c        0x4 ./User/USBLIB/CONFIG/usb_pwr.o
                0x000000002000017c                fSuspendEnabled
 .sdata.SystemCoreClock
                0x0000000020000180        0x4 ./User/system_ch32v20x.o
                0x0000000020000180                SystemCoreClock
 .sdata.KB_Scan_Last_Result
                0x0000000020000184        0x2 ./User/usbd_compostie_km.o
                0x0000000020000184                KB_Scan_Last_Result
 .sdata.KB_Scan_Result
                0x0000000020000186        0x2 ./User/usbd_compostie_km.o
                0x0000000020000186                KB_Scan_Result
 .sdata.MS_Scan_Result
                0x0000000020000188        0x2 ./User/usbd_compostie_km.o
                0x0000000020000188                MS_Scan_Result
 *fill*         0x000000002000018a        0x2 
 .sdata.ADCPrescTable
                0x000000002000018c        0x4 ./Peripheral/src/ch32v20x_rcc.o
 .sdata.curbrk.4672
                0x0000000020000190        0x4 ./Debug/debug.o
 .sdata._impure_ptr
                0x0000000020000194        0x4 /usr/share/MRS2/MRS-linux-x64/resources/app/resources/linux/components/WCH/Toolchain/RISC-V Embedded GCC/bin/../lib/gcc/riscv-none-embed/8.2.0/../../../../riscv-none-embed/lib/rv32imacxw/ilp32/libg_nano.a(lib_a-impure.o)
                0x0000000020000194                _impure_ptr
 *(.sdata2.*)
 .sdata2.USBD_StringLangID
                0x0000000020000198        0x4 ./User/USBLIB/CONFIG/usb_desc.o
                0x0000000020000198                USBD_StringLangID
 .sdata2._global_impure_ptr
                0x000000002000019c        0x4 /usr/share/MRS2/MRS-linux-x64/resources/app/resources/linux/components/WCH/Toolchain/RISC-V Embedded GCC/bin/../lib/gcc/riscv-none-embed/8.2.0/../../../../riscv-none-embed/lib/rv32imacxw/ilp32/libg_nano.a(lib_a-impure.o)
                0x000000002000019c                _global_impure_ptr
 *(.gnu.linkonce.s.*)
                0x00000000200001a0                . = ALIGN (0x8)
 *(.srodata.cst16)
 *(.srodata.cst8)
 *(.srodata.cst4)
 *(.srodata.cst2)
 *(.srodata .srodata.*)
                0x00000000200001a0                . = ALIGN (0x4)
                0x00000000200001a0                PROVIDE (_edata = .)

.bss            0x00000000200001a0       0xb8 load address 0x00000000000043c8
                0x00000000200001a0                . = ALIGN (0x4)
                0x00000000200001a0                PROVIDE (_sbss = .)
 *(.sbss*)
 .sbss.Data_Mul_MaxPacketSize
                0x00000000200001a0        0x4 ./User/USBLIB/USB-Driver/src/usb_core.o
                0x00000000200001a0                Data_Mul_MaxPacketSize
 .sbss.StatusInfo
                0x00000000200001a4        0x2 ./User/USBLIB/USB-Driver/src/usb_core.o
                0x00000000200001a4                StatusInfo
 .sbss.EPindex  0x00000000200001a6        0x1 ./User/USBLIB/USB-Driver/src/usb_init.o
                0x00000000200001a6                EPindex
 *fill*         0x00000000200001a7        0x1 
 .sbss.pInformation
                0x00000000200001a8        0x4 ./User/USBLIB/USB-Driver/src/usb_init.o
                0x00000000200001a8                pInformation
 .sbss.pProperty
                0x00000000200001ac        0x4 ./User/USBLIB/USB-Driver/src/usb_init.o
                0x00000000200001ac                pProperty
 .sbss.pUser_Standard_Requests
                0x00000000200001b0        0x4 ./User/USBLIB/USB-Driver/src/usb_init.o
                0x00000000200001b0                pUser_Standard_Requests
 .sbss.wInterrupt_Mask
                0x00000000200001b4        0x2 ./User/USBLIB/USB-Driver/src/usb_init.o
                0x00000000200001b4                wInterrupt_Mask
 .sbss.SaveRState
                0x00000000200001b6        0x2 ./User/USBLIB/USB-Driver/src/usb_int.o
                0x00000000200001b6                SaveRState
 .sbss.SaveTState
                0x00000000200001b8        0x2 ./User/USBLIB/USB-Driver/src/usb_int.o
                0x00000000200001b8                SaveTState
 .sbss.USBD_Endp1_Busy
                0x00000000200001ba        0x1 ./User/USBLIB/CONFIG/usb_endp.o
                0x00000000200001ba                USBD_Endp1_Busy
 .sbss.USBD_Endp2_Busy
                0x00000000200001bb        0x1 ./User/USBLIB/CONFIG/usb_endp.o
                0x00000000200001bb                USBD_Endp2_Busy
 .sbss.Ep0RxBlks
                0x00000000200001bc        0x2 ./User/USBLIB/CONFIG/usb_istr.o
                0x00000000200001bc                Ep0RxBlks
 .sbss.bIntPackSOF
                0x00000000200001be        0x1 ./User/USBLIB/CONFIG/usb_istr.o
                0x00000000200001be                bIntPackSOF
 *fill*         0x00000000200001bf        0x1 
 .sbss.esof_counter
                0x00000000200001c0        0x4 ./User/USBLIB/CONFIG/usb_istr.o
                0x00000000200001c0                esof_counter
 .sbss.wCNTR    0x00000000200001c4        0x4 ./User/USBLIB/CONFIG/usb_istr.o
                0x00000000200001c4                wCNTR
 .sbss.wIstr    0x00000000200001c8        0x2 ./User/USBLIB/CONFIG/usb_istr.o
                0x00000000200001c8                wIstr
 *fill*         0x00000000200001ca        0x2 
 .sbss.HID_Idle_Value
                0x00000000200001cc        0x2 ./User/USBLIB/CONFIG/usb_prop.o
                0x00000000200001cc                HID_Idle_Value
 *fill*         0x00000000200001ce        0x2 
 .sbss.HID_Protocol_Value
                0x00000000200001d0        0x2 ./User/USBLIB/CONFIG/usb_prop.o
                0x00000000200001d0                HID_Protocol_Value
 .sbss.USBD_Sleep_Status
                0x00000000200001d2        0x1 ./User/USBLIB/CONFIG/usb_prop.o
                0x00000000200001d2                USBD_Sleep_Status
 *fill*         0x00000000200001d3        0x1 
 .sbss.ResumeS  0x00000000200001d4        0x8 ./User/USBLIB/CONFIG/usb_pwr.o
                0x00000000200001d4                ResumeS
 .sbss.bDeviceState
                0x00000000200001dc        0x4 ./User/USBLIB/CONFIG/usb_pwr.o
                0x00000000200001dc                bDeviceState
 .sbss.remotewakeupon
                0x00000000200001e0        0x4 ./User/USBLIB/CONFIG/usb_pwr.o
                0x00000000200001e0                remotewakeupon
 .sbss.KB_Data_Pack
                0x00000000200001e4        0x8 ./User/usbd_compostie_km.o
                0x00000000200001e4                KB_Data_Pack
 .sbss.KB_LED_Cur_Status
                0x00000000200001ec        0x1 ./User/usbd_compostie_km.o
                0x00000000200001ec                KB_LED_Cur_Status
 .sbss.KB_LED_Last_Status
                0x00000000200001ed        0x1 ./User/usbd_compostie_km.o
                0x00000000200001ed                KB_LED_Last_Status
 .sbss.KB_Scan_Done
                0x00000000200001ee        0x1 ./User/usbd_compostie_km.o
                0x00000000200001ee                KB_Scan_Done
 *fill*         0x00000000200001ef        0x1 
 .sbss.MS_Data_Pack
                0x00000000200001f0        0x4 ./User/usbd_compostie_km.o
                0x00000000200001f0                MS_Data_Pack
 .sbss.MS_Scan_Done
                0x00000000200001f4        0x1 ./User/usbd_compostie_km.o
                0x00000000200001f4                MS_Scan_Done
 .sbss.USART_Recv_Dat
                0x00000000200001f5        0x1 ./User/usbd_compostie_km.o
                0x00000000200001f5                USART_Recv_Dat
 .sbss.USART_Send_Cnt
                0x00000000200001f6        0x1 ./User/usbd_compostie_km.o
                0x00000000200001f6                USART_Send_Cnt
 .sbss.USART_Send_Flag
                0x00000000200001f7        0x1 ./User/usbd_compostie_km.o
                0x00000000200001f7                USART_Send_Flag
 .sbss.flag.5349
                0x00000000200001f8        0x1 ./User/usbd_compostie_km.o
 .sbss.flag.5370
                0x00000000200001f9        0x1 ./User/usbd_compostie_km.o
 .sbss.flag.5407
                0x00000000200001fa        0x1 ./User/usbd_compostie_km.o
 .sbss.key_cnt.5369
                0x00000000200001fb        0x1 ./User/usbd_compostie_km.o
 .sbss.scan_cnt.5361
                0x00000000200001fc        0x2 ./User/usbd_compostie_km.o
 .sbss.scan_cnt.5400
                0x00000000200001fe        0x2 ./User/usbd_compostie_km.o
 .sbss.scan_result.5362
                0x0000000020000200        0x2 ./User/usbd_compostie_km.o
 .sbss.scan_result.5401
                0x0000000020000202        0x2 ./User/usbd_compostie_km.o
 .sbss.MCU_Version
                0x0000000020000204        0x1 ./Peripheral/src/ch32v20x_gpio.o
                0x0000000020000204                MCU_Version
 *fill*         0x0000000020000205        0x3 
 .sbss.NVIC_Priority_Group
                0x0000000020000208        0x4 ./Peripheral/src/ch32v20x_misc.o
                0x0000000020000208                NVIC_Priority_Group
 .sbss.p_ms     0x000000002000020c        0x2 ./Debug/debug.o
 .sbss.p_us     0x000000002000020e        0x1 ./Debug/debug.o
 *fill*         0x000000002000020f        0x1 
 .sbss.__malloc_free_list
                0x0000000020000210        0x4 /usr/share/MRS2/MRS-linux-x64/resources/app/resources/linux/components/WCH/Toolchain/RISC-V Embedded GCC/bin/../lib/gcc/riscv-none-embed/8.2.0/../../../../riscv-none-embed/lib/rv32imacxw/ilp32/libg_nano.a(lib_a-nano-mallocr.o)
                0x0000000020000210                __malloc_free_list
 .sbss.__malloc_sbrk_start
                0x0000000020000214        0x4 /usr/share/MRS2/MRS-linux-x64/resources/app/resources/linux/components/WCH/Toolchain/RISC-V Embedded GCC/bin/../lib/gcc/riscv-none-embed/8.2.0/../../../../riscv-none-embed/lib/rv32imacxw/ilp32/libg_nano.a(lib_a-nano-mallocr.o)
                0x0000000020000214                __malloc_sbrk_start
 *(.gnu.linkonce.sb.*)
 *(.bss*)
 .bss.Device_Info
                0x0000000020000218       0x1c ./User/USBLIB/USB-Driver/src/usb_init.o
                0x0000000020000218                Device_Info
 .bss.EP        0x0000000020000234       0x20 ./User/USBLIB/CONFIG/usb_pwr.o
                0x0000000020000234                EP
 *(.gnu.linkonce.b.*)
 *(COMMON*)
 COMMON         0x0000000020000254        0x4 /usr/share/MRS2/MRS-linux-x64/resources/app/resources/linux/components/WCH/Toolchain/RISC-V Embedded GCC/bin/../lib/gcc/riscv-none-embed/8.2.0/../../../../riscv-none-embed/lib/rv32imacxw/ilp32/libg_nano.a(lib_a-reent.o)
                0x0000000020000254                errno
                0x0000000020000258                . = ALIGN (0x4)
                0x0000000020000258                PROVIDE (_ebss = .)
                0x0000000020000258                PROVIDE (_end = _ebss)
                [!provide]                        PROVIDE (end = .)

.stack          0x0000000020004800      0x800
                0x0000000020004800                PROVIDE (_heap_end = .)
                0x0000000020004800                . = ALIGN (0x4)
                [!provide]                        PROVIDE (_susrstack = .)
                0x0000000020005000                . = (. + __stack_size)
 *fill*         0x0000000020004800      0x800 
                0x0000000020005000                PROVIDE (_eusrstack = .)
OUTPUT(CompositeKM.elf elf32-littleriscv)

.debug_info     0x0000000000000000    0x1c01f
 .debug_info    0x0000000000000000     0x1802 ./User/USBLIB/USB-Driver/src/usb_core.o
 .debug_info    0x0000000000001802      0xde5 ./User/USBLIB/USB-Driver/src/usb_init.o
 .debug_info    0x00000000000025e7      0xef1 ./User/USBLIB/USB-Driver/src/usb_int.o
 .debug_info    0x00000000000034d8      0xe81 ./User/USBLIB/USB-Driver/src/usb_mem.o
 .debug_info    0x0000000000004359     0x19df ./User/USBLIB/USB-Driver/src/usb_regs.o
 .debug_info    0x0000000000005d38      0xeeb ./User/USBLIB/USB-Driver/src/usb_sil.o
 .debug_info    0x0000000000006c23     0x1508 ./User/USBLIB/CONFIG/hw_config.o
 .debug_info    0x000000000000812b      0xecc ./User/USBLIB/CONFIG/usb_desc.o
 .debug_info    0x0000000000008ff7      0xfd5 ./User/USBLIB/CONFIG/usb_endp.o
 .debug_info    0x0000000000009fcc      0xf47 ./User/USBLIB/CONFIG/usb_istr.o
 .debug_info    0x000000000000af13     0x1724 ./User/USBLIB/CONFIG/usb_prop.o
 .debug_info    0x000000000000c637      0xfe1 ./User/USBLIB/CONFIG/usb_pwr.o
 .debug_info    0x000000000000d618     0x1155 ./User/Main.o
 .debug_info    0x000000000000e76d      0xbc0 ./User/ch32v20x_it.o
 .debug_info    0x000000000000f32d      0xb89 ./User/system_ch32v20x.o
 .debug_info    0x000000000000feb6     0x2388 ./User/usbd_compostie_km.o
 .debug_info    0x000000000001223e       0x22 ./Startup/startup_ch32v20x_D6.o
 .debug_info    0x0000000000012260      0xc0d ./Peripheral/src/ch32v20x_exti.o
 .debug_info    0x0000000000012e6d     0x1354 ./Peripheral/src/ch32v20x_gpio.o
 .debug_info    0x00000000000141c1      0xe6c ./Peripheral/src/ch32v20x_misc.o
 .debug_info    0x000000000001502d     0x1054 ./Peripheral/src/ch32v20x_pwr.o
 .debug_info    0x0000000000016081     0x1273 ./Peripheral/src/ch32v20x_rcc.o
 .debug_info    0x00000000000172f4     0x2abe ./Peripheral/src/ch32v20x_tim.o
 .debug_info    0x0000000000019db2     0x1340 ./Peripheral/src/ch32v20x_usart.o
 .debug_info    0x000000000001b0f2      0xf2d ./Debug/debug.o

.debug_abbrev   0x0000000000000000     0x48c6
 .debug_abbrev  0x0000000000000000      0x553 ./User/USBLIB/USB-Driver/src/usb_core.o
 .debug_abbrev  0x0000000000000553      0x223 ./User/USBLIB/USB-Driver/src/usb_init.o
 .debug_abbrev  0x0000000000000776      0x279 ./User/USBLIB/USB-Driver/src/usb_int.o
 .debug_abbrev  0x00000000000009ef      0x25a ./User/USBLIB/USB-Driver/src/usb_mem.o
 .debug_abbrev  0x0000000000000c49      0x3b2 ./User/USBLIB/USB-Driver/src/usb_regs.o
 .debug_abbrev  0x0000000000000ffb      0x2a0 ./User/USBLIB/USB-Driver/src/usb_sil.o
 .debug_abbrev  0x000000000000129b      0x2be ./User/USBLIB/CONFIG/hw_config.o
 .debug_abbrev  0x0000000000001559      0x205 ./User/USBLIB/CONFIG/usb_desc.o
 .debug_abbrev  0x000000000000175e      0x2d3 ./User/USBLIB/CONFIG/usb_endp.o
 .debug_abbrev  0x0000000000001a31      0x2af ./User/USBLIB/CONFIG/usb_istr.o
 .debug_abbrev  0x0000000000001ce0      0x3a0 ./User/USBLIB/CONFIG/usb_prop.o
 .debug_abbrev  0x0000000000002080      0x2fa ./User/USBLIB/CONFIG/usb_pwr.o
 .debug_abbrev  0x000000000000237a      0x273 ./User/Main.o
 .debug_abbrev  0x00000000000025ed      0x22c ./User/ch32v20x_it.o
 .debug_abbrev  0x0000000000002819      0x2c0 ./User/system_ch32v20x.o
 .debug_abbrev  0x0000000000002ad9      0x3bc ./User/usbd_compostie_km.o
 .debug_abbrev  0x0000000000002e95       0x12 ./Startup/startup_ch32v20x_D6.o
 .debug_abbrev  0x0000000000002ea7      0x2da ./Peripheral/src/ch32v20x_exti.o
 .debug_abbrev  0x0000000000003181      0x34b ./Peripheral/src/ch32v20x_gpio.o
 .debug_abbrev  0x00000000000034cc      0x2ea ./Peripheral/src/ch32v20x_misc.o
 .debug_abbrev  0x00000000000037b6      0x399 ./Peripheral/src/ch32v20x_pwr.o
 .debug_abbrev  0x0000000000003b4f      0x36b ./Peripheral/src/ch32v20x_rcc.o
 .debug_abbrev  0x0000000000003eba      0x418 ./Peripheral/src/ch32v20x_tim.o
 .debug_abbrev  0x00000000000042d2      0x312 ./Peripheral/src/ch32v20x_usart.o
 .debug_abbrev  0x00000000000045e4      0x2e2 ./Debug/debug.o

.debug_loc      0x0000000000000000     0x5793
 .debug_loc     0x0000000000000000      0xa1e ./User/USBLIB/USB-Driver/src/usb_core.o
 .debug_loc     0x0000000000000a1e       0xfa ./User/USBLIB/USB-Driver/src/usb_int.o
 .debug_loc     0x0000000000000b18      0x1dc ./User/USBLIB/USB-Driver/src/usb_mem.o
 .debug_loc     0x0000000000000cf4      0xb6f ./User/USBLIB/USB-Driver/src/usb_regs.o
 .debug_loc     0x0000000000001863       0xc4 ./User/USBLIB/USB-Driver/src/usb_sil.o
 .debug_loc     0x0000000000001927       0x3c ./User/USBLIB/CONFIG/hw_config.o
 .debug_loc     0x0000000000001963       0xcf ./User/USBLIB/CONFIG/usb_endp.o
 .debug_loc     0x0000000000001a32       0x42 ./User/USBLIB/CONFIG/usb_istr.o
 .debug_loc     0x0000000000001a74      0x358 ./User/USBLIB/CONFIG/usb_prop.o
 .debug_loc     0x0000000000001dcc      0x139 ./User/USBLIB/CONFIG/usb_pwr.o
 .debug_loc     0x0000000000001f05       0xac ./User/system_ch32v20x.o
 .debug_loc     0x0000000000001fb1      0x1c4 ./User/usbd_compostie_km.o
 .debug_loc     0x0000000000002175      0x181 ./Peripheral/src/ch32v20x_exti.o
 .debug_loc     0x00000000000022f6      0x8a1 ./Peripheral/src/ch32v20x_gpio.o
 .debug_loc     0x0000000000002b97       0x2d ./Peripheral/src/ch32v20x_misc.o
 .debug_loc     0x0000000000002bc4      0x29e ./Peripheral/src/ch32v20x_pwr.o
 .debug_loc     0x0000000000002e62      0x797 ./Peripheral/src/ch32v20x_rcc.o
 .debug_loc     0x00000000000035f9     0x190e ./Peripheral/src/ch32v20x_tim.o
 .debug_loc     0x0000000000004f07      0x715 ./Peripheral/src/ch32v20x_usart.o
 .debug_loc     0x000000000000561c      0x177 ./Debug/debug.o

.debug_aranges  0x0000000000000000      0xc98
 .debug_aranges
                0x0000000000000000       0x98 ./User/USBLIB/USB-Driver/src/usb_core.o
 .debug_aranges
                0x0000000000000098       0x20 ./User/USBLIB/USB-Driver/src/usb_init.o
 .debug_aranges
                0x00000000000000b8       0x28 ./User/USBLIB/USB-Driver/src/usb_int.o
 .debug_aranges
                0x00000000000000e0       0x28 ./User/USBLIB/USB-Driver/src/usb_mem.o
 .debug_aranges
                0x0000000000000108      0x1a0 ./User/USBLIB/USB-Driver/src/usb_regs.o
 .debug_aranges
                0x00000000000002a8       0x30 ./User/USBLIB/USB-Driver/src/usb_sil.o
 .debug_aranges
                0x00000000000002d8       0x50 ./User/USBLIB/CONFIG/hw_config.o
 .debug_aranges
                0x0000000000000328       0x18 ./User/USBLIB/CONFIG/usb_desc.o
 .debug_aranges
                0x0000000000000340       0x30 ./User/USBLIB/CONFIG/usb_endp.o
 .debug_aranges
                0x0000000000000370       0x20 ./User/USBLIB/CONFIG/usb_istr.o
 .debug_aranges
                0x0000000000000390       0xa8 ./User/USBLIB/CONFIG/usb_prop.o
 .debug_aranges
                0x0000000000000438       0x40 ./User/USBLIB/CONFIG/usb_pwr.o
 .debug_aranges
                0x0000000000000478       0x20 ./User/Main.o
 .debug_aranges
                0x0000000000000498       0x28 ./User/ch32v20x_it.o
 .debug_aranges
                0x00000000000004c0       0x28 ./User/system_ch32v20x.o
 .debug_aranges
                0x00000000000004e8       0x90 ./User/usbd_compostie_km.o
 .debug_aranges
                0x0000000000000578       0x30 ./Startup/startup_ch32v20x_D6.o
 .debug_aranges
                0x00000000000005a8       0x50 ./Peripheral/src/ch32v20x_exti.o
 .debug_aranges
                0x00000000000005f8       0xb0 ./Peripheral/src/ch32v20x_gpio.o
 .debug_aranges
                0x00000000000006a8       0x28 ./Peripheral/src/ch32v20x_misc.o
 .debug_aranges
                0x00000000000006d0       0x88 ./Peripheral/src/ch32v20x_pwr.o
 .debug_aranges
                0x0000000000000758      0x130 ./Peripheral/src/ch32v20x_rcc.o
 .debug_aranges
                0x0000000000000888      0x2d0 ./Peripheral/src/ch32v20x_tim.o
 .debug_aranges
                0x0000000000000b58       0xf0 ./Peripheral/src/ch32v20x_usart.o
 .debug_aranges
                0x0000000000000c48       0x50 ./Debug/debug.o

.debug_ranges   0x0000000000000000      0xe60
 .debug_ranges  0x0000000000000000      0x148 ./User/USBLIB/USB-Driver/src/usb_core.o
 .debug_ranges  0x0000000000000148       0x10 ./User/USBLIB/USB-Driver/src/usb_init.o
 .debug_ranges  0x0000000000000158       0x60 ./User/USBLIB/USB-Driver/src/usb_int.o
 .debug_ranges  0x00000000000001b8       0x18 ./User/USBLIB/USB-Driver/src/usb_mem.o
 .debug_ranges  0x00000000000001d0      0x338 ./User/USBLIB/USB-Driver/src/usb_regs.o
 .debug_ranges  0x0000000000000508       0x20 ./User/USBLIB/USB-Driver/src/usb_sil.o
 .debug_ranges  0x0000000000000528       0x40 ./User/USBLIB/CONFIG/hw_config.o
 .debug_ranges  0x0000000000000568       0x20 ./User/USBLIB/CONFIG/usb_endp.o
 .debug_ranges  0x0000000000000588       0x10 ./User/USBLIB/CONFIG/usb_istr.o
 .debug_ranges  0x0000000000000598       0xc0 ./User/USBLIB/CONFIG/usb_prop.o
 .debug_ranges  0x0000000000000658       0x30 ./User/USBLIB/CONFIG/usb_pwr.o
 .debug_ranges  0x0000000000000688       0x10 ./User/Main.o
 .debug_ranges  0x0000000000000698       0x18 ./User/ch32v20x_it.o
 .debug_ranges  0x00000000000006b0       0x38 ./User/system_ch32v20x.o
 .debug_ranges  0x00000000000006e8       0x80 ./User/usbd_compostie_km.o
 .debug_ranges  0x0000000000000768       0x28 ./Startup/startup_ch32v20x_D6.o
 .debug_ranges  0x0000000000000790       0x40 ./Peripheral/src/ch32v20x_exti.o
 .debug_ranges  0x00000000000007d0       0xa0 ./Peripheral/src/ch32v20x_gpio.o
 .debug_ranges  0x0000000000000870       0x48 ./Peripheral/src/ch32v20x_misc.o
 .debug_ranges  0x00000000000008b8       0x78 ./Peripheral/src/ch32v20x_pwr.o
 .debug_ranges  0x0000000000000930      0x120 ./Peripheral/src/ch32v20x_rcc.o
 .debug_ranges  0x0000000000000a50      0x2f0 ./Peripheral/src/ch32v20x_tim.o
 .debug_ranges  0x0000000000000d40       0xe0 ./Peripheral/src/ch32v20x_usart.o
 .debug_ranges  0x0000000000000e20       0x40 ./Debug/debug.o

.debug_line     0x0000000000000000    0x12b64
 .debug_line    0x0000000000000000     0x1b2a ./User/USBLIB/USB-Driver/src/usb_core.o
 .debug_line    0x0000000000001b2a      0x3b1 ./User/USBLIB/USB-Driver/src/usb_init.o
 .debug_line    0x0000000000001edb      0x9fa ./User/USBLIB/USB-Driver/src/usb_int.o
 .debug_line    0x00000000000028d5      0x4d7 ./User/USBLIB/USB-Driver/src/usb_mem.o
 .debug_line    0x0000000000002dac     0x124c ./User/USBLIB/USB-Driver/src/usb_regs.o
 .debug_line    0x0000000000003ff8      0x447 ./User/USBLIB/USB-Driver/src/usb_sil.o
 .debug_line    0x000000000000443f      0x8cc ./User/USBLIB/CONFIG/hw_config.o
 .debug_line    0x0000000000004d0b      0x34c ./User/USBLIB/CONFIG/usb_desc.o
 .debug_line    0x0000000000005057      0x504 ./User/USBLIB/CONFIG/usb_endp.o
 .debug_line    0x000000000000555b      0x75a ./User/USBLIB/CONFIG/usb_istr.o
 .debug_line    0x0000000000005cb5      0xe29 ./User/USBLIB/CONFIG/usb_prop.o
 .debug_line    0x0000000000006ade      0x8ce ./User/USBLIB/CONFIG/usb_pwr.o
 .debug_line    0x00000000000073ac      0x63c ./User/Main.o
 .debug_line    0x00000000000079e8      0x35d ./User/ch32v20x_it.o
 .debug_line    0x0000000000007d45      0x776 ./User/system_ch32v20x.o
 .debug_line    0x00000000000084bb     0x1996 ./User/usbd_compostie_km.o
 .debug_line    0x0000000000009e51      0x162 ./Startup/startup_ch32v20x_D6.o
 .debug_line    0x0000000000009fb3      0x6e0 ./Peripheral/src/ch32v20x_exti.o
 .debug_line    0x000000000000a693     0x1715 ./Peripheral/src/ch32v20x_gpio.o
 .debug_line    0x000000000000bda8      0x4e7 ./Peripheral/src/ch32v20x_misc.o
 .debug_line    0x000000000000c28f      0xc75 ./Peripheral/src/ch32v20x_pwr.o
 .debug_line    0x000000000000cf04     0x129d ./Peripheral/src/ch32v20x_rcc.o
 .debug_line    0x000000000000e1a1     0x31fa ./Peripheral/src/ch32v20x_tim.o
 .debug_line    0x000000000001139b      0xf80 ./Peripheral/src/ch32v20x_usart.o
 .debug_line    0x000000000001231b      0x849 ./Debug/debug.o

.debug_str      0x0000000000000000     0x3f2f
 .debug_str     0x0000000000000000      0xdcd ./User/USBLIB/USB-Driver/src/usb_core.o
                                        0xfa4 (size before relaxing)
 .debug_str     0x0000000000000dcd       0x32 ./User/USBLIB/USB-Driver/src/usb_init.o
                                        0xa11 (size before relaxing)
 .debug_str     0x0000000000000dff       0x68 ./User/USBLIB/USB-Driver/src/usb_int.o
                                        0xa6f (size before relaxing)
 .debug_str     0x0000000000000e67       0x58 ./User/USBLIB/USB-Driver/src/usb_mem.o
                                        0xa5f (size before relaxing)
 .debug_str     0x0000000000000ebf      0x389 ./User/USBLIB/USB-Driver/src/usb_regs.o
                                        0xde7 (size before relaxing)
 .debug_str     0x0000000000001248       0x7e ./User/USBLIB/USB-Driver/src/usb_sil.o
                                        0xab7 (size before relaxing)
 .debug_str     0x00000000000012c6      0x7e5 ./User/USBLIB/CONFIG/hw_config.o
                                       0x11e5 (size before relaxing)
 .debug_str     0x0000000000001aab       0x21 ./User/USBLIB/CONFIG/usb_desc.o
                                        0xa97 (size before relaxing)
 .debug_str     0x0000000000001acc       0x88 ./User/USBLIB/CONFIG/usb_endp.o
                                        0xb47 (size before relaxing)
 .debug_str     0x0000000000001b54       0xc4 ./User/USBLIB/CONFIG/usb_istr.o
                                        0xb07 (size before relaxing)
 .debug_str     0x0000000000001c18      0x22c ./User/USBLIB/CONFIG/usb_prop.o
                                        0xf8e (size before relaxing)
 .debug_str     0x0000000000001e44       0x63 ./User/USBLIB/CONFIG/usb_pwr.o
                                        0xb8d (size before relaxing)
 .debug_str     0x0000000000001ea7      0x101 ./User/Main.o
                                        0xc53 (size before relaxing)
 .debug_str     0x0000000000001fa8       0xd8 ./User/ch32v20x_it.o
                                        0x6b5 (size before relaxing)
 .debug_str     0x0000000000002080       0xdd ./User/system_ch32v20x.o
                                        0x6fc (size before relaxing)
 .debug_str     0x000000000000215d      0x5b9 ./User/usbd_compostie_km.o
                                       0x1789 (size before relaxing)
 .debug_str     0x0000000000002716       0x6e ./Startup/startup_ch32v20x_D6.o
                                         0xca (size before relaxing)
 .debug_str     0x0000000000002784       0xd0 ./Peripheral/src/ch32v20x_exti.o
                                        0x7fe (size before relaxing)
 .debug_str     0x0000000000002854      0x28a ./Peripheral/src/ch32v20x_gpio.o
                                        0xa2d (size before relaxing)
 .debug_str     0x0000000000002ade       0xdd ./Peripheral/src/ch32v20x_misc.o
                                        0xaef (size before relaxing)
 .debug_str     0x0000000000002bbb      0x1e3 ./Peripheral/src/ch32v20x_pwr.o
                                        0x8cd (size before relaxing)
 .debug_str     0x0000000000002d9e      0x364 ./Peripheral/src/ch32v20x_rcc.o
                                        0xb3f (size before relaxing)
 .debug_str     0x0000000000003102      0xa34 ./Peripheral/src/ch32v20x_tim.o
                                       0x132a (size before relaxing)
 .debug_str     0x0000000000003b36      0x344 ./Peripheral/src/ch32v20x_usart.o
                                        0xb5b (size before relaxing)
 .debug_str     0x0000000000003e7a       0xb5 ./Debug/debug.o
                                        0x982 (size before relaxing)

.comment        0x0000000000000000       0x33
 .comment       0x0000000000000000       0x33 ./User/USBLIB/USB-Driver/src/usb_core.o
                                         0x34 (size before relaxing)
 .comment       0x0000000000000033       0x34 ./User/USBLIB/USB-Driver/src/usb_init.o
 .comment       0x0000000000000033       0x34 ./User/USBLIB/USB-Driver/src/usb_int.o
 .comment       0x0000000000000033       0x34 ./User/USBLIB/USB-Driver/src/usb_mem.o
 .comment       0x0000000000000033       0x34 ./User/USBLIB/USB-Driver/src/usb_regs.o
 .comment       0x0000000000000033       0x34 ./User/USBLIB/USB-Driver/src/usb_sil.o
 .comment       0x0000000000000033       0x34 ./User/USBLIB/CONFIG/hw_config.o
 .comment       0x0000000000000033       0x34 ./User/USBLIB/CONFIG/usb_desc.o
 .comment       0x0000000000000033       0x34 ./User/USBLIB/CONFIG/usb_endp.o
 .comment       0x0000000000000033       0x34 ./User/USBLIB/CONFIG/usb_istr.o
 .comment       0x0000000000000033       0x34 ./User/USBLIB/CONFIG/usb_prop.o
 .comment       0x0000000000000033       0x34 ./User/USBLIB/CONFIG/usb_pwr.o
 .comment       0x0000000000000033       0x34 ./User/Main.o
 .comment       0x0000000000000033       0x34 ./User/ch32v20x_it.o
 .comment       0x0000000000000033       0x34 ./User/system_ch32v20x.o
 .comment       0x0000000000000033       0x34 ./User/usbd_compostie_km.o
 .comment       0x0000000000000033       0x34 ./Peripheral/src/ch32v20x_exti.o
 .comment       0x0000000000000033       0x34 ./Peripheral/src/ch32v20x_gpio.o
 .comment       0x0000000000000033       0x34 ./Peripheral/src/ch32v20x_misc.o
 .comment       0x0000000000000033       0x34 ./Peripheral/src/ch32v20x_pwr.o
 .comment       0x0000000000000033       0x34 ./Peripheral/src/ch32v20x_rcc.o
 .comment       0x0000000000000033       0x34 ./Peripheral/src/ch32v20x_tim.o
 .comment       0x0000000000000033       0x34 ./Peripheral/src/ch32v20x_usart.o
 .comment       0x0000000000000033       0x34 ./Debug/debug.o

.debug_frame    0x0000000000000000     0x2544
 .debug_frame   0x0000000000000000      0x204 ./User/USBLIB/USB-Driver/src/usb_core.o
 .debug_frame   0x0000000000000204       0x2c ./User/USBLIB/USB-Driver/src/usb_init.o
 .debug_frame   0x0000000000000230       0x78 ./User/USBLIB/USB-Driver/src/usb_int.o
 .debug_frame   0x00000000000002a8       0x30 ./User/USBLIB/USB-Driver/src/usb_mem.o
 .debug_frame   0x00000000000002d8      0x438 ./User/USBLIB/USB-Driver/src/usb_regs.o
 .debug_frame   0x0000000000000710       0x68 ./User/USBLIB/USB-Driver/src/usb_sil.o
 .debug_frame   0x0000000000000778       0xd8 ./User/USBLIB/CONFIG/hw_config.o
 .debug_frame   0x0000000000000850       0x54 ./User/USBLIB/CONFIG/usb_endp.o
 .debug_frame   0x00000000000008a4       0x3c ./User/USBLIB/CONFIG/usb_istr.o
 .debug_frame   0x00000000000008e0      0x1a0 ./User/USBLIB/CONFIG/usb_prop.o
 .debug_frame   0x0000000000000a80       0x88 ./User/USBLIB/CONFIG/usb_pwr.o
 .debug_frame   0x0000000000000b08       0x2c ./User/Main.o
 .debug_frame   0x0000000000000b34       0x30 ./User/ch32v20x_it.o
 .debug_frame   0x0000000000000b64       0x3c ./User/system_ch32v20x.o
 .debug_frame   0x0000000000000ba0      0x240 ./User/usbd_compostie_km.o
 .debug_frame   0x0000000000000de0       0x90 ./Peripheral/src/ch32v20x_exti.o
 .debug_frame   0x0000000000000e70      0x170 ./Peripheral/src/ch32v20x_gpio.o
 .debug_frame   0x0000000000000fe0       0x30 ./Peripheral/src/ch32v20x_misc.o
 .debug_frame   0x0000000000001010       0xfc ./Peripheral/src/ch32v20x_pwr.o
 .debug_frame   0x000000000000110c      0x254 ./Peripheral/src/ch32v20x_rcc.o
 .debug_frame   0x0000000000001360      0x614 ./Peripheral/src/ch32v20x_tim.o
 .debug_frame   0x0000000000001974      0x1e4 ./Peripheral/src/ch32v20x_usart.o
 .debug_frame   0x0000000000001b58       0xb8 ./Debug/debug.o
 .debug_frame   0x0000000000001c10       0x20 /usr/share/MRS2/MRS-linux-x64/resources/app/resources/linux/components/WCH/Toolchain/RISC-V Embedded GCC/bin/../lib/gcc/riscv-none-embed/8.2.0/../../../../riscv-none-embed/lib/rv32imacxw/ilp32/libg_nano.a(lib_a-memcpy.o)
 .debug_frame   0x0000000000001c30       0x54 /usr/share/MRS2/MRS-linux-x64/resources/app/resources/linux/components/WCH/Toolchain/RISC-V Embedded GCC/bin/../lib/gcc/riscv-none-embed/8.2.0/../../../../riscv-none-embed/lib/rv32imacxw/ilp32/libg_nano.a(lib_a-printf.o)
 .debug_frame   0x0000000000001c84       0x54 /usr/share/MRS2/MRS-linux-x64/resources/app/resources/linux/components/WCH/Toolchain/RISC-V Embedded GCC/bin/../lib/gcc/riscv-none-embed/8.2.0/../../../../riscv-none-embed/lib/rv32imacxw/ilp32/libg_nano.a(lib_a-puts.o)
 .debug_frame   0x0000000000001cd8       0x50 /usr/share/MRS2/MRS-linux-x64/resources/app/resources/linux/components/WCH/Toolchain/RISC-V Embedded GCC/bin/../lib/gcc/riscv-none-embed/8.2.0/../../../../riscv-none-embed/lib/rv32imacxw/ilp32/libg_nano.a(lib_a-wbuf.o)
 .debug_frame   0x0000000000001d28       0x3c /usr/share/MRS2/MRS-linux-x64/resources/app/resources/linux/components/WCH/Toolchain/RISC-V Embedded GCC/bin/../lib/gcc/riscv-none-embed/8.2.0/../../../../riscv-none-embed/lib/rv32imacxw/ilp32/libg_nano.a(lib_a-wsetup.o)
 .debug_frame   0x0000000000001d64       0x7c /usr/share/MRS2/MRS-linux-x64/resources/app/resources/linux/components/WCH/Toolchain/RISC-V Embedded GCC/bin/../lib/gcc/riscv-none-embed/8.2.0/../../../../riscv-none-embed/lib/rv32imacxw/ilp32/libg_nano.a(lib_a-fflush.o)
 .debug_frame   0x0000000000001de0      0x148 /usr/share/MRS2/MRS-linux-x64/resources/app/resources/linux/components/WCH/Toolchain/RISC-V Embedded GCC/bin/../lib/gcc/riscv-none-embed/8.2.0/../../../../riscv-none-embed/lib/rv32imacxw/ilp32/libg_nano.a(lib_a-findfp.o)
 .debug_frame   0x0000000000001f28       0x88 /usr/share/MRS2/MRS-linux-x64/resources/app/resources/linux/components/WCH/Toolchain/RISC-V Embedded GCC/bin/../lib/gcc/riscv-none-embed/8.2.0/../../../../riscv-none-embed/lib/rv32imacxw/ilp32/libg_nano.a(lib_a-fwalk.o)
 .debug_frame   0x0000000000001fb0       0x64 /usr/share/MRS2/MRS-linux-x64/resources/app/resources/linux/components/WCH/Toolchain/RISC-V Embedded GCC/bin/../lib/gcc/riscv-none-embed/8.2.0/../../../../riscv-none-embed/lib/rv32imacxw/ilp32/libg_nano.a(lib_a-makebuf.o)
 .debug_frame   0x0000000000002014       0x40 /usr/share/MRS2/MRS-linux-x64/resources/app/resources/linux/components/WCH/Toolchain/RISC-V Embedded GCC/bin/../lib/gcc/riscv-none-embed/8.2.0/../../../../riscv-none-embed/lib/rv32imacxw/ilp32/libg_nano.a(lib_a-nano-freer.o)
 .debug_frame   0x0000000000002054       0x40 /usr/share/MRS2/MRS-linux-x64/resources/app/resources/linux/components/WCH/Toolchain/RISC-V Embedded GCC/bin/../lib/gcc/riscv-none-embed/8.2.0/../../../../riscv-none-embed/lib/rv32imacxw/ilp32/libg_nano.a(lib_a-nano-mallocr.o)
 .debug_frame   0x0000000000002094       0xd0 /usr/share/MRS2/MRS-linux-x64/resources/app/resources/linux/components/WCH/Toolchain/RISC-V Embedded GCC/bin/../lib/gcc/riscv-none-embed/8.2.0/../../../../riscv-none-embed/lib/rv32imacxw/ilp32/libg_nano.a(lib_a-nano-vfprintf.o)
 .debug_frame   0x0000000000002164       0x8c /usr/share/MRS2/MRS-linux-x64/resources/app/resources/linux/components/WCH/Toolchain/RISC-V Embedded GCC/bin/../lib/gcc/riscv-none-embed/8.2.0/../../../../riscv-none-embed/lib/rv32imacxw/ilp32/libg_nano.a(lib_a-nano-vfprintf_i.o)
 .debug_frame   0x00000000000021f0       0x30 /usr/share/MRS2/MRS-linux-x64/resources/app/resources/linux/components/WCH/Toolchain/RISC-V Embedded GCC/bin/../lib/gcc/riscv-none-embed/8.2.0/../../../../riscv-none-embed/lib/rv32imacxw/ilp32/libg_nano.a(lib_a-sbrkr.o)
 .debug_frame   0x0000000000002220       0xa4 /usr/share/MRS2/MRS-linux-x64/resources/app/resources/linux/components/WCH/Toolchain/RISC-V Embedded GCC/bin/../lib/gcc/riscv-none-embed/8.2.0/../../../../riscv-none-embed/lib/rv32imacxw/ilp32/libg_nano.a(lib_a-stdio.o)
 .debug_frame   0x00000000000022c4       0x30 /usr/share/MRS2/MRS-linux-x64/resources/app/resources/linux/components/WCH/Toolchain/RISC-V Embedded GCC/bin/../lib/gcc/riscv-none-embed/8.2.0/../../../../riscv-none-embed/lib/rv32imacxw/ilp32/libg_nano.a(lib_a-writer.o)
 .debug_frame   0x00000000000022f4       0x30 /usr/share/MRS2/MRS-linux-x64/resources/app/resources/linux/components/WCH/Toolchain/RISC-V Embedded GCC/bin/../lib/gcc/riscv-none-embed/8.2.0/../../../../riscv-none-embed/lib/rv32imacxw/ilp32/libg_nano.a(lib_a-closer.o)
 .debug_frame   0x0000000000002324       0x30 /usr/share/MRS2/MRS-linux-x64/resources/app/resources/linux/components/WCH/Toolchain/RISC-V Embedded GCC/bin/../lib/gcc/riscv-none-embed/8.2.0/../../../../riscv-none-embed/lib/rv32imacxw/ilp32/libg_nano.a(lib_a-fstatr.o)
 .debug_frame   0x0000000000002354       0x30 /usr/share/MRS2/MRS-linux-x64/resources/app/resources/linux/components/WCH/Toolchain/RISC-V Embedded GCC/bin/../lib/gcc/riscv-none-embed/8.2.0/../../../../riscv-none-embed/lib/rv32imacxw/ilp32/libg_nano.a(lib_a-isattyr.o)
 .debug_frame   0x0000000000002384       0x30 /usr/share/MRS2/MRS-linux-x64/resources/app/resources/linux/components/WCH/Toolchain/RISC-V Embedded GCC/bin/../lib/gcc/riscv-none-embed/8.2.0/../../../../riscv-none-embed/lib/rv32imacxw/ilp32/libg_nano.a(lib_a-lseekr.o)
 .debug_frame   0x00000000000023b4       0x20 /usr/share/MRS2/MRS-linux-x64/resources/app/resources/linux/components/WCH/Toolchain/RISC-V Embedded GCC/bin/../lib/gcc/riscv-none-embed/8.2.0/../../../../riscv-none-embed/lib/rv32imacxw/ilp32/libg_nano.a(lib_a-memchr.o)
 .debug_frame   0x00000000000023d4       0x30 /usr/share/MRS2/MRS-linux-x64/resources/app/resources/linux/components/WCH/Toolchain/RISC-V Embedded GCC/bin/../lib/gcc/riscv-none-embed/8.2.0/../../../../riscv-none-embed/lib/rv32imacxw/ilp32/libg_nano.a(lib_a-mlock.o)
 .debug_frame   0x0000000000002404       0x30 /usr/share/MRS2/MRS-linux-x64/resources/app/resources/linux/components/WCH/Toolchain/RISC-V Embedded GCC/bin/../lib/gcc/riscv-none-embed/8.2.0/../../../../riscv-none-embed/lib/rv32imacxw/ilp32/libg_nano.a(lib_a-readr.o)
 .debug_frame   0x0000000000002434       0x70 /usr/share/MRS2/MRS-linux-x64/resources/app/resources/linux/components/WCH/Toolchain/RISC-V Embedded GCC/bin/../lib/gcc/riscv-none-embed/8.2.0/../../../../riscv-none-embed/lib/rv32imacxw/ilp32/libg_nano.a(lib_a-reent.o)
 .debug_frame   0x00000000000024a4       0x20 /usr/share/MRS2/MRS-linux-x64/resources/app/resources/linux/components/WCH/Toolchain/RISC-V Embedded GCC/bin/../lib/gcc/riscv-none-embed/8.2.0/../../../../riscv-none-embed/lib/rv32imacxw/ilp32/libnosys.a(close.o)
 .debug_frame   0x00000000000024c4       0x20 /usr/share/MRS2/MRS-linux-x64/resources/app/resources/linux/components/WCH/Toolchain/RISC-V Embedded GCC/bin/../lib/gcc/riscv-none-embed/8.2.0/../../../../riscv-none-embed/lib/rv32imacxw/ilp32/libnosys.a(fstat.o)
 .debug_frame   0x00000000000024e4       0x20 /usr/share/MRS2/MRS-linux-x64/resources/app/resources/linux/components/WCH/Toolchain/RISC-V Embedded GCC/bin/../lib/gcc/riscv-none-embed/8.2.0/../../../../riscv-none-embed/lib/rv32imacxw/ilp32/libnosys.a(isatty.o)
 .debug_frame   0x0000000000002504       0x20 /usr/share/MRS2/MRS-linux-x64/resources/app/resources/linux/components/WCH/Toolchain/RISC-V Embedded GCC/bin/../lib/gcc/riscv-none-embed/8.2.0/../../../../riscv-none-embed/lib/rv32imacxw/ilp32/libnosys.a(lseek.o)
 .debug_frame   0x0000000000002524       0x20 /usr/share/MRS2/MRS-linux-x64/resources/app/resources/linux/components/WCH/Toolchain/RISC-V Embedded GCC/bin/../lib/gcc/riscv-none-embed/8.2.0/../../../../riscv-none-embed/lib/rv32imacxw/ilp32/libnosys.a(read.o)

.stab           0x0000000000000000       0x84
 .stab          0x0000000000000000       0x24 /usr/share/MRS2/MRS-linux-x64/resources/app/resources/linux/components/WCH/Toolchain/RISC-V Embedded GCC/bin/../lib/gcc/riscv-none-embed/8.2.0/../../../../riscv-none-embed/lib/rv32imacxw/ilp32/libnosys.a(close.o)
 .stab          0x0000000000000024       0x18 /usr/share/MRS2/MRS-linux-x64/resources/app/resources/linux/components/WCH/Toolchain/RISC-V Embedded GCC/bin/../lib/gcc/riscv-none-embed/8.2.0/../../../../riscv-none-embed/lib/rv32imacxw/ilp32/libnosys.a(fstat.o)
                                         0x24 (size before relaxing)